ARM Linker, 5.03 [Build 24] [MDK-ARM Lite]

==============================================================================

Section Cross References

    delay.o(.text) refers to stm32f10x_iwdg.o(.text) for IWDG_ReloadCounter
    iwdg.o(.text) refers to stm32f10x_iwdg.o(.text) for IWDG_WriteAccessCmd
    led.o(.text) refers to stm32f10x_gpio.o(.text) for GPIO_SetBits
    led.o(.text) refers to led.o(.bss) for OLED_GRAM
    led.o(.text) refers to led.o(.constdata) for oled_asc2_1206
    led.o(.text) refers to stm32f10x_rcc.o(.text) for RCC_APB2PeriphClockCmd
    main.o(.text) refers to stm32f10x_usart.o(.text) for USART_SendData
    main.o(.text) refers to strlen.o(.text) for strlen
    main.o(.text) refers to delay.o(.text) for delay_us
    main.o(.text) refers to system_stm32f10x.o(.text) for SystemInit
    main.o(.text) refers to system.o(.text) for RCC_Configuration1
    main.o(.text) refers to adc.o(.text) for Adc_Init
    main.o(.text) refers to timer.o(.text) for Timer2_Configuration
    main.o(.text) refers to main.o(.data) for auchCRCHi
    main.o(.text) refers to main.o(.constdata) for str_poweron
    main.o(.text) refers to dflt_clz.o(x$fpl$dfltu) for __aeabi_ui2d
    main.o(.text) refers to dmul.o(x$fpl$dmul) for __aeabi_dmul
    main.o(.text) refers to d2f.o(x$fpl$d2f) for __aeabi_d2f
    main.o(.text) refers to ffixu.o(x$fpl$ffixu) for __aeabi_f2uiz
    main.o(.text) refers to main.o(.bss) for pcb_check_info
    main.o(.text) refers to fflt_clz.o(x$fpl$ffltu) for __aeabi_ui2f
    main.o(.text) refers to f2d.o(x$fpl$f2d) for __aeabi_f2d
    main.o(.text) refers to daddsub_clz.o(x$fpl$drsb) for __aeabi_drsub
    main.o(.text) refers to ddiv.o(x$fpl$ddiv) for __aeabi_ddiv
    main.o(.text) refers to daddsub_clz.o(x$fpl$dadd) for __aeabi_dadd
    main.o(.text) refers to fmul.o(x$fpl$fmul) for __aeabi_fmul
    main.o(.text) refers to ffix.o(x$fpl$ffix) for __aeabi_f2iz
    system.o(.text) refers to stm32f10x_rcc.o(.text) for RCC_DeInit
    system.o(.text) refers to stm32f10x_flash.o(.text) for FLASH_PrefetchBufferCmd
    system.o(.text) refers to stm32f10x_gpio.o(.text) for GPIO_Init
    system.o(.text) refers to stm32f10x_pwr.o(.text) for PWR_BackupAccessCmd
    system.o(.text) refers to stm32f10x_bkp.o(.text) for BKP_TamperPinCmd
    system.o(.text) refers to misc.o(.text) for NVIC_SetVectorTable
    system.o(.text) refers to stm32f10x_usart.o(.text) for USART_Init
    timer.o(.text) refers to stm32f10x_rcc.o(.text) for RCC_APB1PeriphClockCmd
    timer.o(.text) refers to stm32f10x_tim.o(.text) for TIM_DeInit
    timer.o(.text) refers to misc.o(.text) for NVIC_Init
    timer.o(.text) refers to stm32f10x_iwdg.o(.text) for IWDG_ReloadCounter
    timer.o(.text) refers to main.o(.data) for beep_st
    adc.o(.text) refers to stm32f10x_rcc.o(.text) for RCC_APB2PeriphClockCmd
    adc.o(.text) refers to stm32f10x_adc.o(.text) for ADC_DeInit
    exit.o(.text) refers to stm32f10x_rcc.o(.text) for RCC_APB2PeriphClockCmd
    exit.o(.text) refers to stm32f10x_gpio.o(.text) for GPIO_Init
    exit.o(.text) refers to stm32f10x_exti.o(.text) for EXTI_Init
    exit.o(.text) refers to misc.o(.text) for NVIC_Init
    system_stm32f10x.o(.text) refers to system_stm32f10x.o(.data) for SystemCoreClock
    stm32f10x_wwdg.o(.text) refers to stm32f10x_rcc.o(.text) for RCC_APB1PeriphResetCmd
    stm32f10x_bkp.o(.text) refers to stm32f10x_rcc.o(.text) for RCC_BackupResetCmd
    stm32f10x_gpio.o(.text) refers to stm32f10x_rcc.o(.text) for RCC_APB2PeriphResetCmd
    stm32f10x_i2c.o(.text) refers to stm32f10x_rcc.o(.text) for RCC_APB1PeriphResetCmd
    stm32f10x_rcc.o(.text) refers to stm32f10x_rcc.o(.data) for APBAHBPrescTable
    stm32f10x_tim.o(.text) refers to stm32f10x_rcc.o(.text) for RCC_APB2PeriphResetCmd
    stm32f10x_usart.o(.text) refers to stm32f10x_rcc.o(.text) for RCC_APB2PeriphResetCmd
    stm32f10x_pwr.o(.text) refers to stm32f10x_rcc.o(.text) for RCC_APB1PeriphResetCmd
    stm32f10x_adc.o(.text) refers to stm32f10x_rcc.o(.text) for RCC_APB2PeriphResetCmd
    startup_stm32f10x_md_vl.o(STACK) refers (Special) to heapauxi.o(.text) for __use_two_region_memory
    startup_stm32f10x_md_vl.o(HEAP) refers (Special) to heapauxi.o(.text) for __use_two_region_memory
    startup_stm32f10x_md_vl.o(RESET) refers (Special) to heapauxi.o(.text) for __use_two_region_memory
    startup_stm32f10x_md_vl.o(RESET) refers to startup_stm32f10x_md_vl.o(STACK) for __initial_sp
    startup_stm32f10x_md_vl.o(RESET) refers to startup_stm32f10x_md_vl.o(.text) for Reset_Handler
    startup_stm32f10x_md_vl.o(RESET) refers to timer.o(.text) for TIM2_IRQHandler
    startup_stm32f10x_md_vl.o(RESET) refers to main.o(.text) for USART1_IRQHandler
    startup_stm32f10x_md_vl.o(RESET) refers to exit.o(.text) for EXTI15_10_IRQHandler
    startup_stm32f10x_md_vl.o(.text) refers (Special) to heapauxi.o(.text) for __use_two_region_memory
[...]
    libshutdown.o(.ARM.Collect$$libshutdown$$00000000) refers (Special) to libshutdown2.o(.ARM.Collect$$libshutdown$$0000000E) for __rt_lib_shutdown_heap_1
    libshutdown.o(.ARM.Collect$$libshutdown$$00000000) refers (Special) to libshutdown2.o(.ARM.Collect$$libshutdown$$0000000F) for __rt_lib_shutdown_return
    libshutdown.o(.ARM.Collect$$libshutdown$$00000000) refers (Special) to libshutdown2.o(.ARM.Collect$$libshutdown$$00000009) for __rt_lib_shutdown_signal_1
    libshutdown.o(.ARM.Collect$$libshutdown$$00000000) refers (Special) to libshutdown2.o(.ARM.Collect$$libshutdown$$00000003) for __rt_lib_shutdown_stdio_1
    libshutdown.o(.ARM.Collect$$libshutdown$$00000000) refers (Special) to libshutdown2.o(.ARM.Collect$$libshutdown$$0000000B) for __rt_lib_shutdown_user_alloc_1
    sys_command.o(.text) refers (Special) to use_no_semi.o(.text) for __I$use$semihosting
    sys_command.o(.text) refers (Special) to indicate_semi.o(.text) for __semihosting_library_function
    defsig_rtmem_outer.o(.text) refers to defsig_rtmem_inner.o(.text) for __rt_SIGRTMEM_inner
    defsig_rtmem_outer.o(.text) refers to defsig_exit.o(.text) for __sig_exit
    defsig_rtmem_formal.o(.text) refers to rt_raise.o(.text) for __rt_raise
    rt_raise.o(.text) refers to __raise.o(.text) for __raise
    rt_raise.o(.text) refers to sys_exit.o(.text) for _sys_exit
    defsig_exit.o(.text) refers to sys_exit.o(.text) for _sys_exit
    defsig_rtmem_inner.o(.text) refers to defsig_general.o(.text) for __default_signal_display
    __raise.o(.text) refers to defsig.o(CL$$defsig) for __default_signal_handler
    defsig_general.o(.text) refers to sys_wrch.o(.text) for _ttywrch
    sys_wrch.o(.text) refers (Special) to use_no_semi.o(.text) for __I$use$semihosting
    sys_wrch.o(.text) refers (Special) to indicate_semi.o(.text) for __semihosting_library_function
    defsig.o(CL$$defsig) refers to defsig_rtmem_inner.o(.text) for __rt_SIGRTMEM_inner
    defsig_abrt_inner.o(.text) refers to defsig_general.o(.text) for __default_signal_display
    defsig_fpe_inner.o(.text) refers to defsig_general.o(.text) for __default_signal_display
    defsig_rtred_inner.o(.text) refers to defsig_general.o(.text) for __default_signal_display
    defsig_stak_inner.o(.text) refers to defsig_general.o(.text) for __default_signal_display
    defsig_pvfn_inner.o(.text) refers to defsig_general.o(.text) for __default_signal_display
    defsig_cppl_inner.o(.text) refers to defsig_general.o(.text) for __default_signal_display
    defsig_segv_inner.o(.text) refers to defsig_general.o(.text) for __default_signal_display
    defsig_other.o(.text) refers to defsig_general.o(.text) for __default_signal_display


==============================================================================

Removing Unused input sections from the image.

    Removing iwdg.o(.text), (34 bytes).
    Removing led.o(.text), (1704 bytes).
    Removing led.o(.bss), (1024 bytes).
    Removing led.o(.constdata), (3300 bytes).
    Removing led.o(.data), (384 bytes).
    Removing core_cm3.o(.emb_text), (32 bytes).
    Removing stm32f10x_wwdg.o(.text), (136 bytes).
    Removing stm32f10x_dbgmcu.o(.text), (48 bytes).
    Removing stm32f10x_i2c.o(.text), (1028 bytes).
    Removing stm32f10x_sdio.o(.text), (472 bytes).

10 unused section(s) (total 8162 bytes) removed from the image.

==============================================================================

Image Symbol Table

    Local Symbols

    Symbol Name                              Value     Ov Type        Size  Object(Section)

    ../clib/angel/boardlib.s                 0x00000000   Number         0  boardinit2.o ABSOLUTE
    ../clib/angel/boardlib.s                 0x00000000   Number         0  boardinit1.o ABSOLUTE
    ../clib/angel/boardlib.s                 0x00000000   Number         0  boardinit3.o ABSOLUTE
    ../clib/angel/boardlib.s                 0x00000000   Number         0  boardshut.o ABSOLUTE
    ../clib/angel/dclz77c.s                  0x00000000   Number         0  __dclz77c.o ABSOLUTE
    ../clib/angel/handlers.s                 0x00000000   Number         0  __scatter_zi.o ABSOLUTE
    ../clib/angel/kernel.s                   0x00000000   Number         0  rtentry4.o ABSOLUTE
    ../clib/angel/kernel.s                   0x00000000   Number         0  rtexit.o ABSOLUTE
    ../clib/angel/kernel.s                   0x00000000   Number         0  rtentry2.o ABSOLUTE
    ../clib/angel/kernel.s                   0x00000000   Number         0  rtexit2.o ABSOLUTE
    ../clib/angel/kernel.s                   0x00000000   Number         0  rtentry.o ABSOLUTE
    ../clib/angel/rt.s                       0x00000000   Number         0  rt_raise.o ABSOLUTE
    ../clib/angel/scatter.s                  0x00000000   Number         0  __scatter.o ABSOLUTE
    ../clib/angel/startup.s                  0x00000000   Number         0  __main.o ABSOLUTE
    ../clib/angel/sys.s                      0x00000000   Number         0  indicate_semi.o ABSOLUTE
    ../clib/angel/sys.s                      0x00000000   Number         0  sys_stackheap_outer.o ABSOLUTE
    ../clib/angel/sys.s                      0x00000000   Number         0  libspace.o ABSOLUTE
    ../clib/angel/sys.s                      0x00000000   Number         0  use_no_semi.o ABSOLUTE
    ../clib/angel/sysapp.c                   0x00000000   Number         0  sys_exit.o ABSOLUTE
    ../clib/angel/sysapp.c                   0x00000000   Number         0  sys_wrch.o ABSOLUTE
    ../clib/angel/sysapp.c                   0x00000000   Number         0  sys_command.o ABSOLUTE
    ../clib/armsys.c                         0x00000000   Number         0  argv_veneer.o ABSOLUTE
    ../clib/armsys.c                         0x00000000   Number         0  _get_argv_nomalloc.o ABSOLUTE
    ../clib/armsys.c                         0x00000000   Number         0  no_argv.o ABSOLUTE
    ../clib/armsys.c                         0x00000000   Number         0  argv_veneer.o ABSOLUTE
    ../clib/heapalloc.c                      0x00000000   Number         0  hrguard.o ABSOLUTE
    ../clib/heapaux.c                        0x00000000   Number         0  heapauxi.o ABSOLUTE
    ../clib/libinit.s                        0x00000000   Number         0  libshutdown2.o ABSOLUTE
    ../clib/libinit.s                        0x00000000   Number         0  libinit.o ABSOLUTE
    ../clib/libinit.s                        0x00000000   Number         0  libshutdown.o ABSOLUTE
    ../clib/libinit.s                        0x00000000   Number         0  libinit2.o ABSOLUTE
    ../clib/signal.c                         0x00000000   Number         0  defsig_rtmem_inner.o ABSOLUTE
    ../clib/signal.c                         0x00000000   Number         0  defsig_exit.o ABSOLUTE
    ../clib/signal.c                         0x00000000   Number         0  defsig_rtmem_formal.o ABSOLUTE
    ../clib/signal.c                         0x00000000   Number         0  defsig_rtmem_outer.o ABSOLUTE
    ../clib/signal.c                         0x00000000   Number         0  defsig_other.o ABSOLUTE
    ../clib/signal.c                         0x00000000   Number         0  defsig_segv_inner.o ABSOLUTE
    ../clib/signal.c                         0x00000000   Number         0  defsig_cppl_inner.o ABSOLUTE
    ../clib/signal.c                         0x00000000   Number         0  defsig_pvfn_inner.o ABSOLUTE
    ../clib/signal.c                         0x00000000   Number         0  defsig_stak_inner.o ABSOLUTE
    ../clib/signal.c                         0x00000000   Number         0  defsig_rtred_inner.o ABSOLUTE
    ../clib/signal.c                         0x00000000   Number         0  defsig_fpe_inner.o ABSOLUTE
    ../clib/signal.c                         0x00000000   Number         0  defsig_abrt_inner.o ABSOLUTE
    ../clib/signal.c                         0x00000000   Number         0  defsig_general.o ABSOLUTE
    ../clib/signal.c                         0x00000000   Number         0  __raise.o ABSOLUTE
    ../clib/signal.s                         0x00000000   Number         0  defsig.o ABSOLUTE
    ../clib/stdlib.c                         0x00000000   Number         0  exit.o ABSOLUTE
    ../clib/string.c                         0x00000000   Number         0  strlen.o ABSOLUTE
    ../fplib/d2f.s                           0x00000000   Number         0  d2f.o ABSOLUTE
    ../fplib/daddsub.s                       0x00000000   Number         0  daddsub_clz.o ABSOLUTE
    ../fplib/ddiv.s                          0x00000000   Number         0  ddiv.o ABSOLUTE
    ../fplib/dflt.s                          0x00000000   Number         0  dflt_clz.o ABSOLUTE
    ../fplib/dmul.s                          0x00000000   Number         0  dmul.o ABSOLUTE
    ../fplib/dnaninf.s                       0x00000000   Number         0  dnaninf.o ABSOLUTE
    ../fplib/dretinf.s                       0x00000000   Number         0  dretinf.o ABSOLUTE
    ../fplib/f2d.s                           0x00000000   Number         0  f2d.o ABSOLUTE
    ../fplib/ffix.s                          0x00000000   Number         0  ffix.o ABSOLUTE
    ../fplib/ffixu.s                         0x00000000   Number         0  ffixu.o ABSOLUTE
    ../fplib/fflt.s                          0x00000000   Number         0  fflt_clz.o ABSOLUTE
    ../fplib/fmul.s                          0x00000000   Number         0  fmul.o ABSOLUTE
    ../fplib/fnaninf.s                       0x00000000   Number         0  fnaninf.o ABSOLUTE
    ../fplib/fpinit.s                        0x00000000   Number         0  fpinit.o ABSOLUTE
    ../fplib/fretinf.s                       0x00000000   Number         0  fretinf.o ABSOLUTE
    ../fplib/usenofp.s                       0x00000000   Number         0  usenofp.o ABSOLUTE
    ..\Lib\CMSIS\CM3\CoreSupport\core_cm3.c  0x00000000   Number         0  core_cm3.o ABSOLUTE
    ..\Lib\CMSIS\CM3\DeviceSupport\ST\STM32F10x\startup\arm\startup_stm32f10x_md_vl.s 0x00000000   Number         0  startup_stm32f10x_md_vl.o ABSOLUTE
    ..\Lib\CMSIS\CM3\DeviceSupport\ST\STM32F10x\system_stm32f10x.c 0x00000000   Number         0  system_stm32f10x.o ABSOLUTE
    ..\Lib\STM32F10x_StdPeriph_Driver\src\misc.c 0x00000000   Number         0  misc.o ABSOLUTE
    ..\Lib\STM32F10x_StdPeriph_Driver\src\stm32f10x_adc.c 0x00000000   Number         0  stm32f10x_adc.o ABSOLUTE
    ..\Lib\STM32F10x_StdPeriph_Driver\src\stm32f10x_bkp.c 0x00000000   Number         0  stm32f10x_bkp.o ABSOLUTE
    ..\Lib\STM32F10x_StdPeriph_Driver\src\stm32f10x_dbgmcu.c 0x00000000   Number         0  stm32f10x_dbgmcu.o ABSOLUTE
    ..\Lib\STM32F10x_StdPeriph_Driver\src\stm32f10x_exti.c 0x00000000   Number         0  stm32f10x_exti.o ABSOLUTE
    ..\Lib\STM32F10x_StdPeriph_Driver\src\stm32f10x_flash.c 0x00000000   Number         0  stm32f10x_flash.o ABSOLUTE
    ..\Lib\STM32F10x_StdPeriph_Driver\src\stm32f10x_gpio.c 0x00000000   Number         0  stm32f10x_gpio.o ABSOLUTE
    ..\Lib\STM32F10x_StdPeriph_Driver\src\stm32f10x_i2c.c 0x00000000   Number         0  stm32f10x_i2c.o ABSOLUTE
    ..\Lib\STM32F10x_StdPeriph_Driver\src\stm32f10x_iwdg.c 0x00000000   Number         0  stm32f10x_iwdg.o ABSOLUTE
    ..\Lib\STM32F10x_StdPeriph_Driver\src\stm32f10x_pwr.c 0x00000000   Number         0  stm32f10x_pwr.o ABSOLUTE
    ..\Lib\STM32F10x_StdPeriph_Driver\src\stm32f10x_rcc.c 0x00000000   Number         0  stm32f10x_rcc.o ABSOLUTE
    ..\Lib\STM32F10x_StdPeriph_Driver\src\stm32f10x_sdio.c 0x00000000   Number         0  stm32f10x_sdio.o ABSOLUTE
    ..\Lib\STM32F10x_StdPeriph_Driver\src\stm32f10x_tim.c 0x00000000   Number         0  stm32f10x_tim.o ABSOLUTE
    ..\Lib\STM32F10x_StdPeriph_Driver\src\stm32f10x_usart.c 0x00000000   Number         0  stm32f10x_usart.o ABSOLUTE
    ..\Lib\STM32F10x_StdPeriph_Driver\src\stm32f10x_wwdg.c 0x00000000   Number         0  stm32f10x_wwdg.o ABSOLUTE
    ..\User\IWDG.c                           0x00000000   Number         0  iwdg.o ABSOLUTE
    ..\User\adc.c                            0x00000000   Number         0  adc.o ABSOLUTE
    ..\User\delay.c                          0x00000000   Number         0  delay.o ABSOLUTE
    ..\User\exit.c                           0x00000000   Number         0  exit.o ABSOLUTE
    ..\User\led.c                            0x00000000   Number         0  led.o ABSOLUTE
    ..\User\main.c                           0x00000000   Number         0  main.o ABSOLUTE
    ..\User\system.c                         0x00000000   Number         0  system.o ABSOLUTE
    ..\User\timer.c                          0x00000000   Number         0  timer.o ABSOLUTE
    ..\\Lib\\CMSIS\\CM3\\CoreSupport\\core_cm3.c 0x00000000   Number         0  core_cm3.o ABSOLUTE
    dc.s                                     0x00000000   Number         0  dc.o ABSOLUTE
    RESET                                    0x08000000   Section      288  startup_stm32f10x_md_vl.o(RESET)
    !!!main                                  0x08000120   Section        8  __main.o(!!!main)
    !!!scatter                               0x08000128   Section       52  __scatter.o(!!!scatter)
    !!dclz77c                                0x0800015c   Section      100  __dclz77c.o(!!dclz77c)
    !!handler_zi                             0x080001c0   Section       28  __scatter_zi.o(!!handler_zi)
    .ARM.Collect$$libinit$$00000000          0x080001dc   Section        2  libinit.o(.ARM.Collect$$libinit$$00000000)
    .ARM.Collect$$libinit$$00000002          0x080001de   Section        0  libinit2.o(.ARM.Collect$$libinit$$00000002)
    .ARM.Collect$$libinit$$00000008          0x080001de   Section        0  libinit2.o(.ARM.Collect$$libinit$$00000008)
    .ARM.Collect$$libinit$$0000000A          0x080001de   Section        0  libinit2.o(.ARM.Collect$$libinit$$0000000A)
    .ARM.Collect$$libinit$$0000000C          0x080001de   Section        0  libinit2.o(.ARM.Collect$$libinit$$0000000C)
    .ARM.Collect$$libinit$$0000000F          0x080001de   Section        0  libinit2.o(.ARM.Collect$$libinit$$0000000F)
    .ARM.Collect$$libinit$$00000011          0x080001de   Section        0  libinit2.o(.ARM.Collect$$libinit$$00000011)
    .ARM.Collect$$libinit$$00000013          0x080001de   Section        0  libinit2.o(.ARM.Collect$$libinit$$00000013)
    .ARM.Collect$$libinit$$00000015          0x080001de   Section        0  libinit2.o(.ARM.Collect$$libinit$$00000015)
    .ARM.Collect$$libinit$$00000017          0x080001de   Section        0  libinit2.o(.ARM.Collect$$libinit$$00000017)
    .ARM.Collect$$libinit$$00000019          0x080001de   Section        0  libinit2.o(.ARM.Collect$$libinit$$00000019)
    .ARM.Collect$$libinit$$0000001B          0x080001de   Section        0  libinit2.o(.ARM.Collect$$libinit$$0000001B)
    .ARM.Collect$$libinit$$0000001D          0x080001de   Section        0  libinit2.o(.ARM.Collect$$libinit$$0000001D)
    .ARM.Collect$$libinit$$0000001F          0x080001de   Section        0  libinit2.o(.ARM.Collect$$libinit$$0000001F)
    .ARM.Collect$$libinit$$00000021          0x080001de   Section        0  libinit2.o(.ARM.Collect$$libinit$$00000021)
    .ARM.Collect$$libinit$$00000023          0x080001de   Section        0  libinit2.o(.ARM.Collect$$libinit$$00000023)
    .ARM.Collect$$libinit$$0000002A          0x080001de   Section        0  libinit2.o(.ARM.Collect$$libinit$$0000002A)
    .ARM.Collect$$libinit$$0000002C          0x080001de   Section        0  libinit2.o(.ARM.Collect$$libinit$$0000002C)
    .ARM.Collect$$libinit$$0000002E          0x080001de   Section        0  libinit2.o(.ARM.Collect$$libinit$$0000002E)
    .ARM.Collect$$libinit$$00000030          0x080001de   Section        0  libinit2.o(.ARM.Collect$$libinit$$00000030)
    .ARM.Collect$$libinit$$00000031          0x080001de   Section        2  libinit2.o(.ARM.Collect$$libinit$$00000031)
    .ARM.Collect$$libshutdown$$00000000      0x080001e0   Section        2  libshutdown.o(.ARM.Collect$$libshutdown$$00000000)
    .ARM.Collect$$libshutdown$$00000003      0x080001e2   Section        0  libshutdown2.o(.ARM.Collect$$libshutdown$$00000003)
    .ARM.Collect$$libshutdown$$00000006      0x080001e2   Section        0  libshutdown2.o(.ARM.Collect$$libshutdown$$00000006)
    .ARM.Collect$$libshutdown$$00000009      0x080001e2   Section        0  libshutdown2.o(.ARM.Collect$$libshutdown$$00000009)
    .ARM.Collect$$libshutdown$$0000000B      0x080001e2   Section        0  libshutdown2.o(.ARM.Collect$$libshutdown$$0000000B)
    .ARM.Collect$$libshutdown$$0000000E      0x080001e2   Section        0  libshutdown2.o(.ARM.Collect$$libshutdown$$0000000E)
    .ARM.Collect$$libshutdown$$0000000F      0x080001e2   Section        2  libshutdown2.o(.ARM.Collect$$libshutdown$$0000000F)
    .ARM.Collect$$rtentry$$00000000          0x080001e4   Section        0  rtentry.o(.ARM.Collect$$rtentry$$00000000)
    .ARM.Collect$$rtentry$$00000002          0x080001e4   Section        0  rtentry2.o(.ARM.Collect$$rtentry$$00000002)
    .ARM.Collect$$rtentry$$00000004          0x080001e4   Section        6  rtentry4.o(.ARM.Collect$$rtentry$$00000004)
    .ARM.Collect$$rtentry$$00000009          0x080001ea   Section        0  rtentry2.o(.ARM.Collect$$rtentry$$00000009)
    .ARM.Collect$$rtentry$$0000000A          0x080001ea   Section        4  rtentry2.o(.ARM.Collect$$rtentry$$0000000A)
    .ARM.Collect$$rtentry$$0000000C          0x080001ee   Section        0  rtentry2.o(.ARM.Collect$$rtentry$$0000000C)
    .ARM.Collect$$rtentry$$0000000D          0x080001ee   Section        8  rtentry2.o(.ARM.Collect$$rtentry$$0000000D)
    .ARM.Collect$$rtexit$$00000000           0x080001f6   Section        2  rtexit.o(.ARM.Collect$$rtexit$$00000000)
    .ARM.Collect$$rtexit$$00000002           0x080001f8   Section        0  rtexit2.o(.ARM.Collect$$rtexit$$00000002)
    .ARM.Collect$$rtexit$$00000003           0x080001f8   Section        4  rtexit2.o(.ARM.Collect$$rtexit$$00000003)
    .ARM.Collect$$rtexit$$00000004           0x080001fc   Section        6  rtexit2.o(.ARM.Collect$$rtexit$$00000004)
    .text                                    0x08000204   Section        0  delay.o(.text)
    .text                                    0x080002d4   Section        0  main.o(.text)
    .text                                    0x080016a8   Section        0  system.o(.text)
    .text                                    0x08001a44   Section        0  timer.o(.text)
    .text                                    0x08001d34   Section        0  adc.o(.text)
    .text                                    0x08001e3c   Section        0  exit.o(.text)
    .text                                    0x08001efc   Section        0  system_stm32f10x.o(.text)
    SetSysClockTo24                          0x08001efd   Thumb Code   176  system_stm32f10x.o(.text)
    SetSysClock                              0x08001fad   Thumb Code     8  system_stm32f10x.o(.text)
    .text                                    0x080020b0   Section        0  misc.o(.text)
    .text                                    0x0800218c   Section        0  stm32f10x_bkp.o(.text)
    .text                                    0x08002250   Section        0  stm32f10x_exti.o(.text)
    .text                                    0x0800236c   Section        0  stm32f10x_flash.o(.text)
    .text                                    0x08002928   Section        0  stm32f10x_gpio.o(.text)
    .text                                    0x08002c80   Section        0  stm32f10x_iwdg.o(.text)
    .text                                    0x08002cc0   Section        0  stm32f10x_rcc.o(.text)
    .text                                    0x08003084   Section        0  stm32f10x_tim.o(.text)
    TI4_Config                               0x0800352b   Thumb Code   130  stm32f10x_tim.o(.text)
    TI3_Config                               0x080035bf   Thumb Code   122  stm32f10x_tim.o(.text)
    TI2_Config                               0x08003653   Thumb Code   130  stm32f10x_tim.o(.text)
    TI1_Config                               0x080036e7   Thumb Code   108  stm32f10x_tim.o(.text)
    .text                                    0x08003ea0   Section        0  stm32f10x_usart.o(.text)
    .text                                    0x080042a8   Section        0  stm32f10x_pwr.o(.text)
    .text                                    0x08004374   Section        0  stm32f10x_adc.o(.text)
    .text                                    0x080047c4   Section       64  startup_stm32f10x_md_vl.o(.text)
    .text                                    0x08004804   Section        0  strlen.o(.text)
    .text                                    0x08004842   Section        0  heapauxi.o(.text)
    .text                                    0x08004848   Section       74  sys_stackheap_outer.o(.text)
    .text                                    0x08004892   Section        0  exit.o(.text)
    .text                                    0x080048a0   Section        8  libspace.o(.text)
    .text                                    0x080048a8   Section        0  sys_exit.o(.text)
    .text                                    0x080048b4   Section        2  use_no_semi.o(.text)
    .text                                    0x080048b6   Section        0  indicate_semi.o(.text)
    x$fpl$d2f                                0x080048b8   Section       98  d2f.o(x$fpl$d2f)
    x$fpl$dadd                               0x0800491c   Section      336  daddsub_clz.o(x$fpl$dadd)
    _dadd1                                   0x0800492d   Thumb Code     0  daddsub_clz.o(x$fpl$dadd)
    x$fpl$ddiv                               0x08004a6c   Section      688  ddiv.o(x$fpl$ddiv)
    ddiv_entry                               0x08004a73   Thumb Code     0  ddiv.o(x$fpl$ddiv)
    x$fpl$dfltu                              0x08004d1c   Section       38  dflt_clz.o(x$fpl$dfltu)
    x$fpl$dmul                               0x08004d44   Section      340  dmul.o(x$fpl$dmul)
    x$fpl$dnaninf                            0x08004e98   Section      156  dnaninf.o(x$fpl$dnaninf)
    x$fpl$dretinf                            0x08004f34   Section       12  dretinf.o(x$fpl$dretinf)
    x$fpl$drsb                               0x08004f40   Section       22  daddsub_clz.o(x$fpl$drsb)
    x$fpl$dsub                               0x08004f58   Section      468  daddsub_clz.o(x$fpl$dsub)
    _dsub1                                   0x08004f69   Thumb Code     0  daddsub_clz.o(x$fpl$dsub)
    x$fpl$f2d                                0x0800512c   Section       86  f2d.o(x$fpl$f2d)
    x$fpl$ffix                               0x08005184   Section       54  ffix.o(x$fpl$ffix)
    x$fpl$ffixu                              0x080051bc   Section       62  ffixu.o(x$fpl$ffixu)
    x$fpl$ffltu                              0x080051fc   Section       38  fflt_clz.o(x$fpl$ffltu)
    x$fpl$fmul                               0x08005224   Section      258  fmul.o(x$fpl$fmul)
    x$fpl$fnaninf                            0x08005326   Section      140  fnaninf.o(x$fpl$fnaninf)
    x$fpl$fretinf                            0x080053b2   Section       10  fretinf.o(x$fpl$fretinf)
    .constdata                               0x080053bc   Section      185  main.o(.constdata)
    x$fpl$usenofp                            0x080053bc   Section        0  usenofp.o(x$fpl$usenofp)
    .data                                    0x20000000   Section     2563  main.o(.data)
    .data                                    0x20000a04   Section       20  system_stm32f10x.o(.data)
    .data                                    0x20000a18   Section       20  stm32f10x_rcc.o(.data)
    APBAHBPrescTable                         0x20000a18   Data          16  stm32f10x_rcc.o(.data)
    ADCPrescTable                            0x20000a28   Data           4  stm32f10x_rcc.o(.data)
    .bss                                     0x20000a2c   Section      460  main.o(.bss)
    .bss                                     0x20000bf8   Section       96  libspace.o(.bss)
    HEAP                                     0x20000c58   Section      512  startup_stm32f10x_md_vl.o(HEAP)
    Heap_Mem                                 0x20000c58   Data         512  startup_stm32f10x_md_vl.o(HEAP)
    STACK                                    0x20000e58   Section     1024  startup_stm32f10x_md_vl.o(STACK)
    Stack_Mem                                0x20000e58   Data        1024  startup_stm32f10x_md_vl.o(STACK)
    __initial_sp                             0x20001258   Data           0  startup_stm32f10x_md_vl.o(STACK)

    Global Symbols

    Symbol Name                              Value     Ov Type        Size  Object(Section)

    BuildAttributes$$THM_ISAv4$P$D$K$B$S$PE$A:L22UL41UL21$X:L11$S22US41US21$IEEE1$IW$USESV6$~STKCKD$USESV7$~SHL$OSPACE$ROPI$EBA8$UX$STANDARDLIB$REQ8$PRES8$EABIv2 0x00000000   Number         0  anon$$obj.o ABSOLUTE
    __ARM_use_no_argv                        0x00000000   Number         0  main.o ABSOLUTE
    __ARM_exceptions_init                     - Undefined Weak Reference
    __alloca_initialize                       - Undefined Weak Reference
    __cpp_initialize__aeabi_                  - Undefined Weak Reference
    __cxa_finalize                            - Undefined Weak Reference
    __rt_locale                               - Undefined Weak Reference
    __sigvec_lookup                           - Undefined Weak Reference
    _atexit_init                              - Undefined Weak Reference
    _call_atexit_fns                          - Undefined Weak Reference
    _clock_init                               - Undefined Weak Reference
    _fp_trap_init                             - Undefined Weak Reference
    _fp_trap_shutdown                         - Undefined Weak Reference
    _get_lc_collate                           - Undefined Weak Reference
    _get_lc_ctype                             - Undefined Weak Reference
    _get_lc_monetary                          - Undefined Weak Reference
    _get_lc_numeric                           - Undefined Weak Reference
    _get_lc_time                              - Undefined Weak Reference
    _getenv_init                              - Undefined Weak Reference
    _handle_redirection                       - Undefined Weak Reference
    _init_alloc                               - Undefined Weak Reference
    _init_user_alloc                          - Undefined Weak Reference
    _initio                                   - Undefined Weak Reference
    _rand_init                                - Undefined Weak Reference
    _signal_finish                            - Undefined Weak Reference
    _signal_init                              - Undefined Weak Reference
    _terminate_alloc                          - Undefined Weak Reference
    _terminate_user_alloc                     - Undefined Weak Reference
    _terminateio                              - Undefined Weak Reference
    __Vectors_Size                           0x00000120   Number         0  startup_stm32f10x_md_vl.o ABSOLUTE
    __Vectors                                0x08000000   Data           4  startup_stm32f10x_md_vl.o(RESET)
    __Vectors_End                            0x08000120   Data           0  startup_stm32f10x_md_vl.o(RESET)
    __main                                   0x08000121   Thumb Code     8  __main.o(!!!main)
    __scatterload                            0x08000129   Thumb Code     0  __scatter.o(!!!scatter)
    __scatterload_rt2                        0x08000129   Thumb Code    44  __scatter.o(!!!scatter)
    __scatterload_rt2_thumb_only             0x08000129   Thumb Code     0  __scatter.o(!!!scatter)
    __scatterload_null                       0x08000137   Thumb Code     0  __scatter.o(!!!scatter)
    __decompress                             0x0800015d   Thumb Code   100  __dclz77c.o(!!dclz77c)
    __decompress2                            0x0800015d   Thumb Code     0  __dclz77c.o(!!dclz77c)
    __scatterload_zeroinit                   0x080001c1   Thumb Code    28  __scatter_zi.o(!!handler_zi)
    __rt_lib_init                            0x080001dd   Thumb Code     0  libinit.o(.ARM.Collect$$libinit$$00000000)
    __rt_lib_init_alloca_1                   0x080001df   Thumb Code     0  libinit2.o(.ARM.Collect$$libinit$$0000002C)
    __rt_lib_init_argv_1                     0x080001df   Thumb Code     0  libinit2.o(.ARM.Collect$$libinit$$0000002A)
    __rt_lib_init_atexit_1                   0x080001df   Thumb Code     0  libinit2.o(.ARM.Collect$$libinit$$00000019)
    __rt_lib_init_clock_1                    0x080001df   Thumb Code     0  libinit2.o(.ARM.Collect$$libinit$$0000001F)
    __rt_lib_init_cpp_1                      0x080001df   Thumb Code     0  libinit2.o(.ARM.Collect$$libinit$$00000030)
    __rt_lib_init_exceptions_1               0x080001df   Thumb Code     0  libinit2.o(.ARM.Collect$$libinit$$0000002E)
    __rt_lib_init_fp_1                       0x080001df   Thumb Code     0  libinit2.o(.ARM.Collect$$libinit$$00000002)
    __rt_lib_init_fp_trap_1                  0x080001df   Thumb Code     0  libinit2.o(.ARM.Collect$$libinit$$0000001D)
    __rt_lib_init_getenv_1                   0x080001df   Thumb Code     0  libinit2.o(.ARM.Collect$$libinit$$00000021)
    __rt_lib_init_heap_1                     0x080001df   Thumb Code     0  libinit2.o(.ARM.Collect$$libinit$$00000008)
    __rt_lib_init_lc_collate_1               0x080001df   Thumb Code     0  libinit2.o(.ARM.Collect$$libinit$$0000000F)
    __rt_lib_init_lc_ctype_1                 0x080001df   Thumb Code     0  libinit2.o(.ARM.Collect$$libinit$$00000011)
    __rt_lib_init_lc_monetary_1              0x080001df   Thumb Code     0  libinit2.o(.ARM.Collect$$libinit$$00000013)
    __rt_lib_init_lc_numeric_1               0x080001df   Thumb Code     0  libinit2.o(.ARM.Collect$$libinit$$00000015)
    __rt_lib_init_lc_time_1                  0x080001df   Thumb Code     0  libinit2.o(.ARM.Collect$$libinit$$00000017)
    __rt_lib_init_rand_1                     0x080001df   Thumb Code     0  libinit2.o(.ARM.Collect$$libinit$$0000000C)
    __rt_lib_init_return                     0x080001df   Thumb Code     0  libinit2.o(.ARM.Collect$$libinit$$00000031)
    __rt_lib_init_signal_1                   0x080001df   Thumb Code     0  libinit2.o(.ARM.Collect$$libinit$$0000001B)
    __rt_lib_init_stdio_1                    0x080001df   Thumb Code     0  libinit2.o(.ARM.Collect$$libinit$$00000023)
    __rt_lib_init_user_alloc_1               0x080001df   Thumb Code     0  libinit2.o(.ARM.Collect$$libinit$$0000000A)
    __rt_lib_shutdown                        0x080001e1   Thumb Code     0  libshutdown.o(.ARM.Collect$$libshutdown$$00000000)
    __rt_lib_shutdown_fp_trap_1              0x080001e3   Thumb Code     0  libshutdown2.o(.ARM.Collect$$libshutdown$$00000006)
    __rt_lib_shutdown_heap_1                 0x080001e3   Thumb Code     0  libshutdown2.o(.ARM.Collect$$libshutdown$$0000000E)
    __rt_lib_shutdown_return                 0x080001e3   Thumb Code     0  libshutdown2.o(.ARM.Collect$$libshutdown$$0000000F)
    __rt_lib_shutdown_signal_1               0x080001e3   Thumb Code     0  libshutdown2.o(.ARM.Collect$$libshutdown$$00000009)
    __rt_lib_shutdown_stdio_1                0x080001e3   Thumb Code     0  libshutdown2.o(.ARM.Collect$$libshutdown$$00000003)
    __rt_lib_shutdown_user_alloc_1           0x080001e3   Thumb Code     0  libshutdown2.o(.ARM.Collect$$libshutdown$$0000000B)
    __rt_entry                               0x080001e5   Thumb Code     0  rtentry.o(.ARM.Collect$$rtentry$$00000000)
    __rt_entry_presh_1                       0x080001e5   Thumb Code     0  rtentry2.o(.ARM.Collect$$rtentry$$00000002)
    __rt_entry_sh                            0x080001e5   Thumb Code     0  rtentry4.o(.ARM.Collect$$rtentry$$00000004)
    __rt_entry_li                            0x080001eb   Thumb Code     0  rtentry2.o(.ARM.Collect$$rtentry$$0000000A)
    __rt_entry_postsh_1                      0x080001eb   Thumb Code     0  rtentry2.o(.ARM.Collect$$rtentry$$00000009)
    __rt_entry_main                          0x080001ef   Thumb Code     0  rtentry2.o(.ARM.Collect$$rtentry$$0000000D)
    __rt_entry_postli_1                      0x080001ef   Thumb Code     0  rtentry2.o(.ARM.Collect$$rtentry$$0000000C)
    __rt_exit                                0x080001f7   Thumb Code     0  rtexit.o(.ARM.Collect$$rtexit$$00000000)
    __rt_exit_ls                             0x080001f9   Thumb Code     0  rtexit2.o(.ARM.Collect$$rtexit$$00000003)
    __rt_exit_prels_1                        0x080001f9   Thumb Code     0  rtexit2.o(.ARM.Collect$$rtexit$$00000002)
    __rt_exit_exit                           0x080001fd   Thumb Code     0  rtexit2.o(.ARM.Collect$$rtexit$$00000004)
    Delay2TCK                                0x08000205   Thumb Code    10  delay.o(.text)
    I2C_delay                                0x0800020f   Thumb Code    12  delay.o(.text)
    delay5ms                                 0x0800021b   Thumb Code    20  delay.o(.text)
    delay100ms                               0x0800022f   Thumb Code    18  delay.o(.text)
    delay1s                                  0x08000241   Thumb Code    18  delay.o(.text)
    delay1ms                                 0x08000253   Thumb Code    20  delay.o(.text)
    delay_us                                 0x08000267   Thumb Code    50  delay.o(.text)
    delay_ms                                 0x08000299   Thumb Code    26  delay.o(.text)
    delay_s                                  0x080002b3   Thumb Code    26  delay.o(.text)
    CRC_Compute                              0x080002d5   Thumb Code    48  main.o(.text)
    Usart1_send_char                         0x08000305   Thumb Code    36  main.o(.text)
    Usart1_send_str                          0x08000329   Thumb Code    32  main.o(.text)
    print_char                               0x08000349   Thumb Code    36  main.o(.text)
    print_str                                0x0800036d   Thumb Code    32  main.o(.text)
    print_num                                0x0800038d   Thumb Code    80  main.o(.text)
    print_voltage                            0x080003dd   Thumb Code    86  main.o(.text)
    Show_led                                 0x08000433   Thumb Code   124  main.o(.text)
    SET_POWER1                               0x080004af   Thumb Code   124  main.o(.text)
    SET_POWER2                               0x0800052b   Thumb Code   124  main.o(.text)
    SET_COLAB                                0x080005a7   Thumb Code    74  main.o(.text)
    SET_ROWAB                                0x080005f1   Thumb Code    86  main.o(.text)
    main                                     0x08000647   Thumb Code  3706  main.o(.text)
    Get_Temprate                             0x080014c1   Thumb Code   114  main.o(.text)
    USART1_IRQHandler                        0x08001533   Thumb Code   318  main.o(.text)
    RCC_Configuration                        0x080016a9   Thumb Code   102  system.o(.text)
    RCC_Configuration1                       0x0800170f   Thumb Code   114  system.o(.text)
    GPIO_Configuration                       0x08001781   Thumb Code   326  system.o(.text)
    NVIC_Configuration                       0x080018c7   Thumb Code    22  system.o(.text)
    USART_Configuration                      0x080018dd   Thumb Code   206  system.o(.text)
    system_Init                              0x080019ab   Thumb Code     6  system.o(.text)
    SET_PA15PB3PB4                           0x080019b1   Thumb Code   116  system.o(.text)
    Timer6_Configuration                     0x08001a45   Thumb Code    90  timer.o(.text)
    Timer7_Configuration                     0x08001a9f   Thumb Code    90  timer.o(.text)
    Timer2_Configuration                     0x08001af9   Thumb Code   106  timer.o(.text)
    Timer3_Configuration                     0x08001b63   Thumb Code   100  timer.o(.text)
    Timer4_Configuration                     0x08001bc7   Thumb Code    94  timer.o(.text)
    TIM6_DAC_IRQHandler                      0x08001c25   Thumb Code    26  timer.o(.text)
    TIM7_IRQHandler                          0x08001c3f   Thumb Code    26  timer.o(.text)
    TIM2_IRQHandler                          0x08001c59   Thumb Code    92  timer.o(.text)
    TIM3_Mode_Config                         0x08001cb5   Thumb Code   102  timer.o(.text)
    Adc_Init                                 0x08001d35   Thumb Code   116  adc.o(.text)
    Get_Adc                                  0x08001da9   Thumb Code    46  adc.o(.text)
    Get_Adc_Average                          0x08001dd7   Thumb Code    98  adc.o(.text)
    Exit_Configuration                       0x08001e3d   Thumb Code   100  exit.o(.text)
    EXTI15_10_IRQHandler                     0x08001ea1   Thumb Code    84  exit.o(.text)
    SystemInit                               0x08001fb5   Thumb Code    82  system_stm32f10x.o(.text)
    SystemCoreClockUpdate                    0x08002007   Thumb Code   138  system_stm32f10x.o(.text)
    NVIC_PriorityGroupConfig                 0x080020b1   Thumb Code    10  misc.o(.text)
    NVIC_Init                                0x080020bb   Thumb Code   102  misc.o(.text)
    NVIC_SetVectorTable                      0x08002121   Thumb Code    14  misc.o(.text)
    NVIC_SystemLPConfig                      0x0800212f   Thumb Code    34  misc.o(.text)
    SysTick_CLKSourceConfig                  0x08002151   Thumb Code    40  misc.o(.text)
    BKP_DeInit                               0x0800218d   Thumb Code    16  stm32f10x_bkp.o(.text)
    BKP_TamperPinLevelConfig                 0x0800219d   Thumb Code     6  stm32f10x_bkp.o(.text)
    BKP_TamperPinCmd                         0x080021a3   Thumb Code     8  stm32f10x_bkp.o(.text)
    BKP_ITConfig                             0x080021ab   Thumb Code     8  stm32f10x_bkp.o(.text)
    BKP_RTCOutputConfig                      0x080021b3   Thumb Code    22  stm32f10x_bkp.o(.text)
    BKP_SetRTCCalibrationValue               0x080021c9   Thumb Code    22  stm32f10x_bkp.o(.text)
    BKP_WriteBackupRegister                  0x080021df   Thumb Code    24  stm32f10x_bkp.o(.text)
    BKP_ReadBackupRegister                   0x080021f7   Thumb Code    26  stm32f10x_bkp.o(.text)
    BKP_GetFlagStatus                        0x08002211   Thumb Code    10  stm32f10x_bkp.o(.text)
    BKP_ClearFlag                            0x0800221b   Thumb Code    18  stm32f10x_bkp.o(.text)
    BKP_GetITStatus                          0x0800222d   Thumb Code    10  stm32f10x_bkp.o(.text)
    BKP_ClearITPendingBit                    0x08002237   Thumb Code    18  stm32f10x_bkp.o(.text)
    EXTI_DeInit                              0x08002251   Thumb Code    28  stm32f10x_exti.o(.text)
    EXTI_Init                                0x0800226d   Thumb Code   142  stm32f10x_exti.o(.text)
    EXTI_StructInit                          0x080022fb   Thumb Code    16  stm32f10x_exti.o(.text)
    EXTI_GenerateSWInterrupt                 0x0800230b   Thumb Code    16  stm32f10x_exti.o(.text)
    EXTI_GetFlagStatus                       0x0800231b   Thumb Code    22  stm32f10x_exti.o(.text)
    EXTI_ClearFlag                           0x08002331   Thumb Code     8  stm32f10x_exti.o(.text)
    EXTI_GetITStatus                         0x08002339   Thumb Code    34  stm32f10x_exti.o(.text)
    EXTI_ClearITPendingBit                   0x0800235b   Thumb Code     8  stm32f10x_exti.o(.text)
    FLASH_SetLatency                         0x0800236d   Thumb Code    18  stm32f10x_flash.o(.text)
    FLASH_HalfCycleAccessCmd                 0x0800237f   Thumb Code    22  stm32f10x_flash.o(.text)
    FLASH_PrefetchBufferCmd                  0x08002395   Thumb Code    22  stm32f10x_flash.o(.text)
    FLASH_Unlock                             0x080023ab   Thumb Code    12  stm32f10x_flash.o(.text)
    FLASH_UnlockBank1                        0x080023b7   Thumb Code    12  stm32f10x_flash.o(.text)
    FLASH_Lock                               0x080023c3   Thumb Code    14  stm32f10x_flash.o(.text)
    FLASH_LockBank1                          0x080023d1   Thumb Code    14  stm32f10x_flash.o(.text)
    FLASH_GetBank1Status                     0x080023df   Thumb Code    48  stm32f10x_flash.o(.text)
    FLASH_WaitForLastOperation               0x0800240f   Thumb Code    38  stm32f10x_flash.o(.text)
    FLASH_ErasePage                          0x08002435   Thumb Code    72  stm32f10x_flash.o(.text)
    FLASH_EraseAllPages                      0x0800247d   Thumb Code    68  stm32f10x_flash.o(.text)
    FLASH_WaitForLastBank1Operation          0x080024c1   Thumb Code    38  stm32f10x_flash.o(.text)
    FLASH_EraseAllBank1Pages                 0x080024e7   Thumb Code    68  stm32f10x_flash.o(.text)
    FLASH_GetReadOutProtectionStatus         0x0800252b   Thumb Code    20  stm32f10x_flash.o(.text)
    FLASH_EraseOptionBytes                   0x0800253f   Thumb Code   150  stm32f10x_flash.o(.text)
    FLASH_ProgramWord                        0x080025d5   Thumb Code   102  stm32f10x_flash.o(.text)
    FLASH_ProgramHalfWord                    0x0800263b   Thumb Code    60  stm32f10x_flash.o(.text)
    FLASH_ProgramOptionByteData              0x08002677   Thumb Code    72  stm32f10x_flash.o(.text)
    FLASH_EnableWriteProtection              0x080026bf   Thumb Code   200  stm32f10x_flash.o(.text)
    FLASH_ReadOutProtection                  0x08002787   Thumb Code   156  stm32f10x_flash.o(.text)
    FLASH_UserOptionByteConfig               0x08002823   Thumb Code    88  stm32f10x_flash.o(.text)
    FLASH_GetUserOptionByte                  0x0800287b   Thumb Code     8  stm32f10x_flash.o(.text)
    FLASH_GetWriteProtectionOptionByte       0x08002883   Thumb Code     6  stm32f10x_flash.o(.text)
    FLASH_GetPrefetchBufferStatus            0x08002889   Thumb Code    20  stm32f10x_flash.o(.text)
    FLASH_ITConfig                           0x0800289d   Thumb Code    26  stm32f10x_flash.o(.text)
    FLASH_GetFlagStatus                      0x080028b7   Thumb Code    42  stm32f10x_flash.o(.text)
    FLASH_ClearFlag                          0x080028e1   Thumb Code     6  stm32f10x_flash.o(.text)
    FLASH_GetStatus                          0x080028e7   Thumb Code    48  stm32f10x_flash.o(.text)
    GPIO_DeInit                              0x08002929   Thumb Code   172  stm32f10x_gpio.o(.text)
    GPIO_AFIODeInit                          0x080029d5   Thumb Code    20  stm32f10x_gpio.o(.text)
    GPIO_Init                                0x080029e9   Thumb Code   274  stm32f10x_gpio.o(.text)
    GPIO_StructInit                          0x08002afb   Thumb Code    16  stm32f10x_gpio.o(.text)
    GPIO_ReadInputDataBit                    0x08002b0b   Thumb Code    18  stm32f10x_gpio.o(.text)
    GPIO_ReadInputData                       0x08002b1d   Thumb Code     8  stm32f10x_gpio.o(.text)
    GPIO_ReadOutputDataBit                   0x08002b25   Thumb Code    18  stm32f10x_gpio.o(.text)
    GPIO_ReadOutputData                      0x08002b37   Thumb Code     8  stm32f10x_gpio.o(.text)
    GPIO_SetBits                             0x08002b3f   Thumb Code     4  stm32f10x_gpio.o(.text)
    GPIO_ResetBits                           0x08002b43   Thumb Code     4  stm32f10x_gpio.o(.text)
    GPIO_WriteBit                            0x08002b47   Thumb Code    10  stm32f10x_gpio.o(.text)
    GPIO_Write                               0x08002b51   Thumb Code     4  stm32f10x_gpio.o(.text)
    GPIO_PinLockConfig                       0x08002b55   Thumb Code    18  stm32f10x_gpio.o(.text)
    GPIO_EventOutputConfig                   0x08002b67   Thumb Code    26  stm32f10x_gpio.o(.text)
    GPIO_EventOutputCmd                      0x08002b81   Thumb Code     6  stm32f10x_gpio.o(.text)
    GPIO_PinRemapConfig                      0x08002b87   Thumb Code   138  stm32f10x_gpio.o(.text)
    GPIO_EXTILineConfig                      0x08002c11   Thumb Code    66  stm32f10x_gpio.o(.text)
    GPIO_ETH_MediaInterfaceConfig            0x08002c53   Thumb Code     6  stm32f10x_gpio.o(.text)
    IWDG_WriteAccessCmd                      0x08002c81   Thumb Code     6  stm32f10x_iwdg.o(.text)
    IWDG_SetPrescaler                        0x08002c87   Thumb Code     6  stm32f10x_iwdg.o(.text)
    IWDG_SetReload                           0x08002c8d   Thumb Code     6  stm32f10x_iwdg.o(.text)
    IWDG_ReloadCounter                       0x08002c93   Thumb Code    10  stm32f10x_iwdg.o(.text)
    IWDG_Enable                              0x08002c9d   Thumb Code    10  stm32f10x_iwdg.o(.text)
    IWDG_GetFlagStatus                       0x08002ca7   Thumb Code    20  stm32f10x_iwdg.o(.text)
    RCC_DeInit                               0x08002cc1   Thumb Code    68  stm32f10x_rcc.o(.text)
    RCC_HSEConfig                            0x08002d05   Thumb Code    70  stm32f10x_rcc.o(.text)
    RCC_GetFlagStatus                        0x08002d4b   Thumb Code    56  stm32f10x_rcc.o(.text)
    RCC_WaitForHSEStartUp                    0x08002d83   Thumb Code    56  stm32f10x_rcc.o(.text)
    RCC_AdjustHSICalibrationValue            0x08002dbb   Thumb Code    20  stm32f10x_rcc.o(.text)
    RCC_HSICmd                               0x08002dcf   Thumb Code     6  stm32f10x_rcc.o(.text)
    RCC_PLLConfig                            0x08002dd5   Thumb Code    24  stm32f10x_rcc.o(.text)
    RCC_PLLCmd                               0x08002ded   Thumb Code     6  stm32f10x_rcc.o(.text)
    RCC_PREDIV1Config                        0x08002df3   Thumb Code    24  stm32f10x_rcc.o(.text)
    RCC_SYSCLKConfig                         0x08002e0b   Thumb Code    18  stm32f10x_rcc.o(.text)
    RCC_GetSYSCLKSource                      0x08002e1d   Thumb Code    10  stm32f10x_rcc.o(.text)
    RCC_HCLKConfig                           0x08002e27   Thumb Code    18  stm32f10x_rcc.o(.text)
    RCC_PCLK1Config                          0x08002e39   Thumb Code    18  stm32f10x_rcc.o(.text)
    RCC_PCLK2Config                          0x08002e4b   Thumb Code    20  stm32f10x_rcc.o(.text)
    RCC_ITConfig                             0x08002e5f   Thumb Code    26  stm32f10x_rcc.o(.text)
    RCC_USBCLKConfig                         0x08002e79   Thumb Code     6  stm32f10x_rcc.o(.text)
    RCC_ADCCLKConfig                         0x08002e7f   Thumb Code    18  stm32f10x_rcc.o(.text)
    RCC_LSEConfig                            0x08002e91   Thumb Code    44  stm32f10x_rcc.o(.text)
    RCC_LSICmd                               0x08002ebd   Thumb Code     6  stm32f10x_rcc.o(.text)
    RCC_RTCCLKConfig                         0x08002ec3   Thumb Code    12  stm32f10x_rcc.o(.text)
    RCC_RTCCLKCmd                            0x08002ecf   Thumb Code     8  stm32f10x_rcc.o(.text)
    RCC_GetClocksFreq                        0x08002ed7   Thumb Code   190  stm32f10x_rcc.o(.text)
    RCC_AHBPeriphClockCmd                    0x08002f95   Thumb Code    26  stm32f10x_rcc.o(.text)
    RCC_APB2PeriphClockCmd                   0x08002faf   Thumb Code    26  stm32f10x_rcc.o(.text)
    RCC_APB1PeriphClockCmd                   0x08002fc9   Thumb Code    26  stm32f10x_rcc.o(.text)
    RCC_APB2PeriphResetCmd                   0x08002fe3   Thumb Code    26  stm32f10x_rcc.o(.text)
    RCC_APB1PeriphResetCmd                   0x08002ffd   Thumb Code    26  stm32f10x_rcc.o(.text)
    RCC_BackupResetCmd                       0x08003017   Thumb Code     8  stm32f10x_rcc.o(.text)
    RCC_ClockSecuritySystemCmd               0x0800301f   Thumb Code     6  stm32f10x_rcc.o(.text)
    RCC_MCOConfig                            0x08003025   Thumb Code     6  stm32f10x_rcc.o(.text)
    RCC_ClearFlag                            0x0800302b   Thumb Code    14  stm32f10x_rcc.o(.text)
    RCC_GetITStatus                          0x08003039   Thumb Code    20  stm32f10x_rcc.o(.text)
    RCC_ClearITPendingBit                    0x0800304d   Thumb Code     6  stm32f10x_rcc.o(.text)
    TIM_DeInit                               0x08003085   Thumb Code   424  stm32f10x_tim.o(.text)
    TIM_TimeBaseInit                         0x0800322d   Thumb Code   122  stm32f10x_tim.o(.text)
    TIM_OC1Init                              0x080032a7   Thumb Code   132  stm32f10x_tim.o(.text)
    TIM_OC2Init                              0x0800332b   Thumb Code   154  stm32f10x_tim.o(.text)
    TIM_OC3Init                              0x080033c5   Thumb Code   150  stm32f10x_tim.o(.text)
    TIM_OC4Init                              0x0800345b   Thumb Code   182  stm32f10x_tim.o(.text)
    TIM_SetIC4Prescaler                      0x08003511   Thumb Code    26  stm32f10x_tim.o(.text)
    TIM_SetIC3Prescaler                      0x080035ad   Thumb Code    18  stm32f10x_tim.o(.text)
    TIM_SetIC2Prescaler                      0x08003639   Thumb Code    26  stm32f10x_tim.o(.text)
    TIM_SetIC1Prescaler                      0x080036d5   Thumb Code    18  stm32f10x_tim.o(.text)
    TIM_ICInit                               0x08003753   Thumb Code   150  stm32f10x_tim.o(.text)
    TIM_PWMIConfig                           0x080037e9   Thumb Code   124  stm32f10x_tim.o(.text)
    TIM_BDTRConfig                           0x08003865   Thumb Code    32  stm32f10x_tim.o(.text)
    TIM_TimeBaseStructInit                   0x08003885   Thumb Code    18  stm32f10x_tim.o(.text)
    TIM_OCStructInit                         0x08003897   Thumb Code    20  stm32f10x_tim.o(.text)
    TIM_ICStructInit                         0x080038ab   Thumb Code    18  stm32f10x_tim.o(.text)
    TIM_BDTRStructInit                       0x080038bd   Thumb Code    40  stm32f10x_tim.o(.text)
    TIM_Cmd                                  0x080038e5   Thumb Code    24  stm32f10x_tim.o(.text)
    TIM_CtrlPWMOutputs                       0x080038fd   Thumb Code    30  stm32f10x_tim.o(.text)
    TIM_ITConfig                             0x0800391b   Thumb Code    18  stm32f10x_tim.o(.text)
    TIM_GenerateEvent                        0x0800392d   Thumb Code     4  stm32f10x_tim.o(.text)
    TIM_DMAConfig                            0x08003931   Thumb Code    10  stm32f10x_tim.o(.text)
    TIM_DMACmd                               0x0800393b   Thumb Code    18  stm32f10x_tim.o(.text)
    TIM_InternalClockConfig                  0x0800394d   Thumb Code    12  stm32f10x_tim.o(.text)
    TIM_SelectInputTrigger                   0x08003959   Thumb Code    18  stm32f10x_tim.o(.text)
    TIM_ITRxExternalClockConfig              0x0800396b   Thumb Code    24  stm32f10x_tim.o(.text)
    TIM_TIxExternalClockConfig               0x08003983   Thumb Code    62  stm32f10x_tim.o(.text)
    TIM_ETRConfig                            0x080039c1   Thumb Code    28  stm32f10x_tim.o(.text)
    TIM_ETRClockMode1Config                  0x080039dd   Thumb Code    54  stm32f10x_tim.o(.text)
    TIM_ETRClockMode2Config                  0x08003a13   Thumb Code    32  stm32f10x_tim.o(.text)
    TIM_PrescalerConfig                      0x08003a33   Thumb Code     6  stm32f10x_tim.o(.text)
    TIM_CounterModeConfig                    0x08003a39   Thumb Code    18  stm32f10x_tim.o(.text)
    TIM_EncoderInterfaceConfig               0x08003a4b   Thumb Code    66  stm32f10x_tim.o(.text)
    TIM_ForcedOC1Config                      0x08003a8d   Thumb Code    18  stm32f10x_tim.o(.text)
    TIM_ForcedOC2Config                      0x08003a9f   Thumb Code    26  stm32f10x_tim.o(.text)
    TIM_ForcedOC3Config                      0x08003ab9   Thumb Code    18  stm32f10x_tim.o(.text)
    TIM_ForcedOC4Config                      0x08003acb   Thumb Code    26  stm32f10x_tim.o(.text)
    TIM_ARRPreloadConfig                     0x08003ae5   Thumb Code    24  stm32f10x_tim.o(.text)
    TIM_SelectCOM                            0x08003afd   Thumb Code    24  stm32f10x_tim.o(.text)
    TIM_SelectCCDMA                          0x08003b15   Thumb Code    24  stm32f10x_tim.o(.text)
    TIM_CCPreloadControl                     0x08003b2d   Thumb Code    24  stm32f10x_tim.o(.text)
    TIM_OC1PreloadConfig                     0x08003b45   Thumb Code    18  stm32f10x_tim.o(.text)
    TIM_OC2PreloadConfig                     0x08003b57   Thumb Code    26  stm32f10x_tim.o(.text)
    TIM_OC3PreloadConfig                     0x08003b71   Thumb Code    18  stm32f10x_tim.o(.text)
    TIM_OC4PreloadConfig                     0x08003b83   Thumb Code    26  stm32f10x_tim.o(.text)
    TIM_OC1FastConfig                        0x08003b9d   Thumb Code    18  stm32f10x_tim.o(.text)
    TIM_OC2FastConfig                        0x08003baf   Thumb Code    26  stm32f10x_tim.o(.text)
    TIM_OC3FastConfig                        0x08003bc9   Thumb Code    18  stm32f10x_tim.o(.text)
    TIM_OC4FastConfig                        0x08003bdb   Thumb Code    26  stm32f10x_tim.o(.text)
    TIM_ClearOC1Ref                          0x08003bf5   Thumb Code    18  stm32f10x_tim.o(.text)
    TIM_ClearOC2Ref                          0x08003c07   Thumb Code    24  stm32f10x_tim.o(.text)
    TIM_ClearOC3Ref                          0x08003c1f   Thumb Code    18  stm32f10x_tim.o(.text)
    TIM_ClearOC4Ref                          0x08003c31   Thumb Code    24  stm32f10x_tim.o(.text)
    TIM_OC1PolarityConfig                    0x08003c49   Thumb Code    18  stm32f10x_tim.o(.text)
    TIM_OC1NPolarityConfig                   0x08003c5b   Thumb Code    18  stm32f10x_tim.o(.text)
    TIM_OC2PolarityConfig                    0x08003c6d   Thumb Code    26  stm32f10x_tim.o(.text)
    TIM_OC2NPolarityConfig                   0x08003c87   Thumb Code    26  stm32f10x_tim.o(.text)
    TIM_OC3PolarityConfig                    0x08003ca1   Thumb Code    26  stm32f10x_tim.o(.text)
    TIM_OC3NPolarityConfig                   0x08003cbb   Thumb Code    26  stm32f10x_tim.o(.text)
    TIM_OC4PolarityConfig                    0x08003cd5   Thumb Code    26  stm32f10x_tim.o(.text)
    TIM_CCxCmd                               0x08003cef   Thumb Code    30  stm32f10x_tim.o(.text)
    TIM_CCxNCmd                              0x08003d0d   Thumb Code    30  stm32f10x_tim.o(.text)
    TIM_SelectOCxM                           0x08003d2b   Thumb Code    82  stm32f10x_tim.o(.text)
    TIM_UpdateDisableConfig                  0x08003d7d   Thumb Code    24  stm32f10x_tim.o(.text)
    TIM_UpdateRequestConfig                  0x08003d95   Thumb Code    24  stm32f10x_tim.o(.text)
    TIM_SelectHallSensor                     0x08003dad   Thumb Code    24  stm32f10x_tim.o(.text)
    TIM_SelectOnePulseMode                   0x08003dc5   Thumb Code    18  stm32f10x_tim.o(.text)
    TIM_SelectOutputTrigger                  0x08003dd7   Thumb Code    18  stm32f10x_tim.o(.text)
    TIM_SelectSlaveMode                      0x08003de9   Thumb Code    18  stm32f10x_tim.o(.text)
    TIM_SelectMasterSlaveMode                0x08003dfb   Thumb Code    18  stm32f10x_tim.o(.text)
    TIM_SetCounter                           0x08003e0d   Thumb Code     4  stm32f10x_tim.o(.text)
    TIM_SetAutoreload                        0x08003e11   Thumb Code     4  stm32f10x_tim.o(.text)
    TIM_SetCompare1                          0x08003e15   Thumb Code     4  stm32f10x_tim.o(.text)
    TIM_SetCompare2                          0x08003e19   Thumb Code     4  stm32f10x_tim.o(.text)
    TIM_SetCompare3                          0x08003e1d   Thumb Code     4  stm32f10x_tim.o(.text)
    TIM_SetCompare4                          0x08003e21   Thumb Code     6  stm32f10x_tim.o(.text)
    TIM_SetClockDivision                     0x08003e27   Thumb Code    18  stm32f10x_tim.o(.text)
    TIM_GetCapture1                          0x08003e39   Thumb Code     6  stm32f10x_tim.o(.text)
    TIM_GetCapture2                          0x08003e3f   Thumb Code     6  stm32f10x_tim.o(.text)
    TIM_GetCapture3                          0x08003e45   Thumb Code     6  stm32f10x_tim.o(.text)
    TIM_GetCapture4                          0x08003e4b   Thumb Code     8  stm32f10x_tim.o(.text)
    TIM_GetCounter                           0x08003e53   Thumb Code     6  stm32f10x_tim.o(.text)
    TIM_GetPrescaler                         0x08003e59   Thumb Code     6  stm32f10x_tim.o(.text)
    TIM_GetFlagStatus                        0x08003e5f   Thumb Code    18  stm32f10x_tim.o(.text)
    TIM_ClearFlag                            0x08003e71   Thumb Code     6  stm32f10x_tim.o(.text)
    TIM_GetITStatus                          0x08003e77   Thumb Code    34  stm32f10x_tim.o(.text)
    TIM_ClearITPendingBit                    0x08003e99   Thumb Code     6  stm32f10x_tim.o(.text)
    USART_DeInit                             0x08003ea1   Thumb Code   134  stm32f10x_usart.o(.text)
    USART_Init                               0x08003f27   Thumb Code   210  stm32f10x_usart.o(.text)
    USART_StructInit                         0x08003ff9   Thumb Code    24  stm32f10x_usart.o(.text)
    USART_ClockInit                          0x08004011   Thumb Code    34  stm32f10x_usart.o(.text)
    USART_ClockStructInit                    0x08004033   Thumb Code    12  stm32f10x_usart.o(.text)
    USART_Cmd                                0x0800403f   Thumb Code    24  stm32f10x_usart.o(.text)
    USART_ITConfig                           0x08004057   Thumb Code    74  stm32f10x_usart.o(.text)
    USART_DMACmd                             0x080040a1   Thumb Code    18  stm32f10x_usart.o(.text)
    USART_SetAddress                         0x080040b3   Thumb Code    18  stm32f10x_usart.o(.text)
    USART_WakeUpConfig                       0x080040c5   Thumb Code    18  stm32f10x_usart.o(.text)
    USART_ReceiverWakeUpCmd                  0x080040d7   Thumb Code    24  stm32f10x_usart.o(.text)
    USART_LINBreakDetectLengthConfig         0x080040ef   Thumb Code    18  stm32f10x_usart.o(.text)
    USART_LINCmd                             0x08004101   Thumb Code    24  stm32f10x_usart.o(.text)
    USART_SendData                           0x08004119   Thumb Code     8  stm32f10x_usart.o(.text)
    USART_ReceiveData                        0x08004121   Thumb Code    10  stm32f10x_usart.o(.text)
    USART_SendBreak                          0x0800412b   Thumb Code    10  stm32f10x_usart.o(.text)
    USART_SetGuardTime                       0x08004135   Thumb Code    16  stm32f10x_usart.o(.text)
    USART_SetPrescaler                       0x08004145   Thumb Code    16  stm32f10x_usart.o(.text)
    USART_SmartCardCmd                       0x08004155   Thumb Code    24  stm32f10x_usart.o(.text)
    USART_SmartCardNACKCmd                   0x0800416d   Thumb Code    24  stm32f10x_usart.o(.text)
    USART_HalfDuplexCmd                      0x08004185   Thumb Code    24  stm32f10x_usart.o(.text)
    USART_OverSampling8Cmd                   0x0800419d   Thumb Code    22  stm32f10x_usart.o(.text)
    USART_OneBitMethodCmd                    0x080041b3   Thumb Code    24  stm32f10x_usart.o(.text)
    USART_IrDAConfig                         0x080041cb   Thumb Code    18  stm32f10x_usart.o(.text)
    USART_IrDACmd                            0x080041dd   Thumb Code    24  stm32f10x_usart.o(.text)
    USART_GetFlagStatus                      0x080041f5   Thumb Code    26  stm32f10x_usart.o(.text)
    USART_ClearFlag                          0x0800420f   Thumb Code    18  stm32f10x_usart.o(.text)
    USART_GetITStatus                        0x08004221   Thumb Code    84  stm32f10x_usart.o(.text)
    USART_ClearITPendingBit                  0x08004275   Thumb Code    52  stm32f10x_usart.o(.text)
    PWR_DeInit                               0x080042a9   Thumb Code    22  stm32f10x_pwr.o(.text)
    PWR_BackupAccessCmd                      0x080042bf   Thumb Code     6  stm32f10x_pwr.o(.text)
    PWR_PVDCmd                               0x080042c5   Thumb Code     6  stm32f10x_pwr.o(.text)
    PWR_PVDLevelConfig                       0x080042cb   Thumb Code    18  stm32f10x_pwr.o(.text)
    PWR_WakeUpPinCmd                         0x080042dd   Thumb Code     6  stm32f10x_pwr.o(.text)
    PWR_EnterSTOPMode                        0x080042e3   Thumb Code    54  stm32f10x_pwr.o(.text)
    PWR_EnterSTANDBYMode                     0x08004319   Thumb Code    42  stm32f10x_pwr.o(.text)
    PWR_GetFlagStatus                        0x08004343   Thumb Code    20  stm32f10x_pwr.o(.text)
    PWR_ClearFlag                            0x08004357   Thumb Code    14  stm32f10x_pwr.o(.text)
    ADC_DeInit                               0x08004375   Thumb Code    78  stm32f10x_adc.o(.text)
    ADC_Init                                 0x080043c3   Thumb Code    70  stm32f10x_adc.o(.text)
    ADC_StructInit                           0x08004409   Thumb Code    18  stm32f10x_adc.o(.text)
    ADC_Cmd                                  0x0800441b   Thumb Code    22  stm32f10x_adc.o(.text)
    ADC_DMACmd                               0x08004431   Thumb Code    22  stm32f10x_adc.o(.text)
    ADC_ITConfig                             0x08004447   Thumb Code    24  stm32f10x_adc.o(.text)
    ADC_ResetCalibration                     0x0800445f   Thumb Code    10  stm32f10x_adc.o(.text)
    ADC_GetResetCalibrationStatus            0x08004469   Thumb Code    20  stm32f10x_adc.o(.text)
    ADC_StartCalibration                     0x0800447d   Thumb Code    10  stm32f10x_adc.o(.text)
    ADC_GetCalibrationStatus                 0x08004487   Thumb Code    20  stm32f10x_adc.o(.text)
    ADC_SoftwareStartConvCmd                 0x0800449b   Thumb Code    22  stm32f10x_adc.o(.text)
    ADC_GetSoftwareStartConvStatus           0x080044b1   Thumb Code    20  stm32f10x_adc.o(.text)
    ADC_DiscModeChannelCountConfig           0x080044c5   Thumb Code    24  stm32f10x_adc.o(.text)
    ADC_DiscModeCmd                          0x080044dd   Thumb Code    22  stm32f10x_adc.o(.text)
    ADC_RegularChannelConfig                 0x080044f3   Thumb Code   184  stm32f10x_adc.o(.text)
    ADC_ExternalTrigConvCmd                  0x080045ab   Thumb Code    22  stm32f10x_adc.o(.text)
    ADC_GetConversionValue                   0x080045c1   Thumb Code     8  stm32f10x_adc.o(.text)
    ADC_GetDualModeConversionValue           0x080045c9   Thumb Code     8  stm32f10x_adc.o(.text)
    ADC_AutoInjectedConvCmd                  0x080045d1   Thumb Code    22  stm32f10x_adc.o(.text)
    ADC_InjectedDiscModeCmd                  0x080045e7   Thumb Code    22  stm32f10x_adc.o(.text)
    ADC_ExternalTrigInjectedConvConfig       0x080045fd   Thumb Code    16  stm32f10x_adc.o(.text)
    ADC_ExternalTrigInjectedConvCmd          0x0800460d   Thumb Code    22  stm32f10x_adc.o(.text)
    ADC_SoftwareStartInjectedConvCmd         0x08004623   Thumb Code    22  stm32f10x_adc.o(.text)
    ADC_GetSoftwareStartInjectedConvCmdStatus 0x08004639   Thumb Code    20  stm32f10x_adc.o(.text)
    ADC_InjectedChannelConfig                0x0800464d   Thumb Code   130  stm32f10x_adc.o(.text)
    ADC_InjectedSequencerLengthConfig        0x080046cf   Thumb Code    24  stm32f10x_adc.o(.text)
    ADC_SetInjectedOffset                    0x080046e7   Thumb Code    20  stm32f10x_adc.o(.text)
    ADC_GetInjectedConversionValue           0x080046fb   Thumb Code    28  stm32f10x_adc.o(.text)
    ADC_AnalogWatchdogCmd                    0x08004717   Thumb Code    16  stm32f10x_adc.o(.text)
    ADC_AnalogWatchdogThresholdsConfig       0x08004727   Thumb Code     6  stm32f10x_adc.o(.text)
    ADC_AnalogWatchdogSingleChannelConfig    0x0800472d   Thumb Code    16  stm32f10x_adc.o(.text)
    ADC_TempSensorVrefintCmd                 0x0800473d   Thumb Code    64  stm32f10x_adc.o(.text)
    ADC_GetFlagStatus                        0x0800477d   Thumb Code    18  stm32f10x_adc.o(.text)
    ADC_ClearFlag                            0x0800478f   Thumb Code     6  stm32f10x_adc.o(.text)
    ADC_GetITStatus                          0x08004795   Thumb Code    36  stm32f10x_adc.o(.text)
    ADC_ClearITPendingBit                    0x080047b9   Thumb Code    10  stm32f10x_adc.o(.text)
    Reset_Handler                            0x080047c5   Thumb Code     8  startup_stm32f10x_md_vl.o(.text)
    NMI_Handler                              0x080047cd   Thumb Code     2  startup_stm32f10x_md_vl.o(.text)
    HardFault_Handler                        0x080047cf   Thumb Code     2  startup_stm32f10x_md_vl.o(.text)
    MemManage_Handler                        0x080047d1   Thumb Code     2  startup_stm32f10x_md_vl.o(.text)
    BusFault_Handler                         0x080047d3   Thumb Code     2  startup_stm32f10x_md_vl.o(.text)
    UsageFault_Handler                       0x080047d5   Thumb Code     2  startup_stm32f10x_md_vl.o(.text)
    SVC_Handler                              0x080047d7   Thumb Code     2  startup_stm32f10x_md_vl.o(.text)
    DebugMon_Handler                         0x080047d9   Thumb Code     2  startup_stm32f10x_md_vl.o(.text)
    PendSV_Handler                           0x080047db   Thumb Code     2  startup_stm32f10x_md_vl.o(.text)
    SysTick_Handler                          0x080047dd   Thumb Code     2  startup_stm32f10x_md_vl.o(.text)
    ADC1_IRQHandler                          0x080047df   Thumb Code     0  startup_stm32f10x_md_vl.o(.text)
    CEC_IRQHandler                           0x080047df   Thumb Code     0  startup_stm32f10x_md_vl.o(.text)
    DMA1_Channel1_IRQHandler                 0x080047df   Thumb Code     0  startup_stm32f10x_md_vl.o(.text)
    DMA1_Channel2_IRQHandler                 0x080047df   Thumb Code     0  startup_stm32f10x_md_vl.o(.text)
    DMA1_Channel3_IRQHandler                 0x080047df   Thumb Code     0  startup_stm32f10x_md_vl.o(.text)
    DMA1_Channel4_IRQHandler                 0x080047df   Thumb Code     0  startup_stm32f10x_md_vl.o(.text)
    DMA1_Channel5_IRQHandler                 0x080047df   Thumb Code     0  startup_stm32f10x_md_vl.o(.text)
    DMA1_Channel6_IRQHandler                 0x080047df   Thumb Code     0  startup_stm32f10x_md_vl.o(.text)
    DMA1_Channel7_IRQHandler                 0x080047df   Thumb Code     0  startup_stm32f10x_md_vl.o(.text)
    EXTI0_IRQHandler                         0x080047df   Thumb Code     0  startup_stm32f10x_md_vl.o(.text)
    EXTI1_IRQHandler                         0x080047df   Thumb Code     0  startup_stm32f10x_md_vl.o(.text)
    EXTI2_IRQHandler                         0x080047df   Thumb Code     0  startup_stm32f10x_md_vl.o(.text)
    EXTI3_IRQHandler                         0x080047df   Thumb Code     0  startup_stm32f10x_md_vl.o(.text)
    EXTI4_IRQHandler                         0x080047df   Thumb Code     0  startup_stm32f10x_md_vl.o(.text)
    EXTI9_5_IRQHandler                       0x080047df   Thumb Code     0  startup_stm32f10x_md_vl.o(.text)
    FLASH_IRQHandler                         0x080047df   Thumb Code     0  startup_stm32f10x_md_vl.o(.text)
    I2C1_ER_IRQHandler                       0x080047df   Thumb Code     0  startup_stm32f10x_md_vl.o(.text)
    I2C1_EV_IRQHandler                       0x080047df   Thumb Code     0  startup_stm32f10x_md_vl.o(.text)
    I2C2_ER_IRQHandler                       0x080047df   Thumb Code     0  startup_stm32f10x_md_vl.o(.text)
    I2C2_EV_IRQHandler                       0x080047df   Thumb Code     0  startup_stm32f10x_md_vl.o(.text)
    PVD_IRQHandler                           0x080047df   Thumb Code     0  startup_stm32f10x_md_vl.o(.text)
    RCC_IRQHandler                           0x080047df   Thumb Code     0  startup_stm32f10x_md_vl.o(.text)
    RTCAlarm_IRQHandler                      0x080047df   Thumb Code     0  startup_stm32f10x_md_vl.o(.text)
    RTC_IRQHandler                           0x080047df   Thumb Code     0  startup_stm32f10x_md_vl.o(.text)
    SPI1_IRQHandler                          0x080047df   Thumb Code     0  startup_stm32f10x_md_vl.o(.text)
    SPI2_IRQHandler                          0x080047df   Thumb Code     0  startup_stm32f10x_md_vl.o(.text)
    TAMPER_IRQHandler                        0x080047df   Thumb Code     0  startup_stm32f10x_md_vl.o(.text)
    TIM1_BRK_TIM15_IRQHandler                0x080047df   Thumb Code     0  startup_stm32f10x_md_vl.o(.text)
    TIM1_CC_IRQHandler                       0x080047df   Thumb Code     0  startup_stm32f10x_md_vl.o(.text)
    TIM1_TRG_COM_TIM17_IRQHandler            0x080047df   Thumb Code     0  startup_stm32f10x_md_vl.o(.text)
    TIM1_UP_TIM16_IRQHandler                 0x080047df   Thumb Code     0  startup_stm32f10x_md_vl.o(.text)
    TIM3_IRQHandler                          0x080047df   Thumb Code     0  startup_stm32f10x_md_vl.o(.text)
    TIM4_IRQHandler                          0x080047df   Thumb Code     0  startup_stm32f10x_md_vl.o(.text)
    USART2_IRQHandler                        0x080047df   Thumb Code     0  startup_stm32f10x_md_vl.o(.text)
    USART3_IRQHandler                        0x080047df   Thumb Code     0  startup_stm32f10x_md_vl.o(.text)
    WWDG_IRQHandler                          0x080047df   Thumb Code     0  startup_stm32f10x_md_vl.o(.text)
    __user_initial_stackheap                 0x080047e1   Thumb Code     0  startup_stm32f10x_md_vl.o(.text)
    strlen                                   0x08004805   Thumb Code    62  strlen.o(.text)
    __use_two_region_memory                  0x08004843   Thumb Code     2  heapauxi.o(.text)
    __rt_heap_escrow$2region                 0x08004845   Thumb Code     2  heapauxi.o(.text)
    __rt_heap_expand$2region                 0x08004847   Thumb Code     2  heapauxi.o(.text)
    __user_setup_stackheap                   0x08004849   Thumb Code    74  sys_stackheap_outer.o(.text)
    exit                                     0x08004893   Thumb Code    12  exit.o(.text)
    __user_libspace                          0x080048a1   Thumb Code     8  libspace.o(.text)
    __user_perproc_libspace                  0x080048a1   Thumb Code     0  libspace.o(.text)
    __user_perthread_libspace                0x080048a1   Thumb Code     0  libspace.o(.text)
    _sys_exit                                0x080048a9   Thumb Code     8  sys_exit.o(.text)
    __I$use$semihosting                      0x080048b5   Thumb Code     0  use_no_semi.o(.text)
    __use_no_semihosting_swi                 0x080048b5   Thumb Code     2  use_no_semi.o(.text)
    __semihosting_library_function           0x080048b7   Thumb Code     0  indicate_semi.o(.text)
    __aeabi_d2f                              0x080048b9   Thumb Code     0  d2f.o(x$fpl$d2f)
    _d2f                                     0x080048b9   Thumb Code    98  d2f.o(x$fpl$d2f)
    __aeabi_dadd                             0x0800491d   Thumb Code     0  daddsub_clz.o(x$fpl$dadd)
    _dadd                                    0x0800491d   Thumb Code   332  daddsub_clz.o(x$fpl$dadd)
    __aeabi_ddiv                             0x08004a6d   Thumb Code     0  ddiv.o(x$fpl$ddiv)
    _ddiv                                    0x08004a6d   Thumb Code   552  ddiv.o(x$fpl$ddiv)
    __aeabi_ui2d                             0x08004d1d   Thumb Code     0  dflt_clz.o(x$fpl$dfltu)
    _dfltu                                   0x08004d1d   Thumb Code    38  dflt_clz.o(x$fpl$dfltu)
    __aeabi_dmul                             0x08004d45   Thumb Code     0  dmul.o(x$fpl$dmul)
    _dmul                                    0x08004d45   Thumb Code   332  dmul.o(x$fpl$dmul)
    __fpl_dnaninf                            0x08004e99   Thumb Code   156  dnaninf.o(x$fpl$dnaninf)
    __fpl_dretinf                            0x08004f35   Thumb Code    12  dretinf.o(x$fpl$dretinf)
    __aeabi_drsub                            0x08004f41   Thumb Code     0  daddsub_clz.o(x$fpl$drsb)
    _drsb                                    0x08004f41   Thumb Code    22  daddsub_clz.o(x$fpl$drsb)
    __aeabi_dsub                             0x08004f59   Thumb Code     0  daddsub_clz.o(x$fpl$dsub)
    _dsub                                    0x08004f59   Thumb Code   464  daddsub_clz.o(x$fpl$dsub)
    __aeabi_f2d                              0x0800512d   Thumb Code     0  f2d.o(x$fpl$f2d)
    _f2d                                     0x0800512d   Thumb Code    86  f2d.o(x$fpl$f2d)
    __aeabi_f2iz                             0x08005185   Thumb Code     0  ffix.o(x$fpl$ffix)
    _ffix                                    0x08005185   Thumb Code    54  ffix.o(x$fpl$ffix)
    __aeabi_f2uiz                            0x080051bd   Thumb Code     0  ffixu.o(x$fpl$ffixu)
    _ffixu                                   0x080051bd   Thumb Code    62  ffixu.o(x$fpl$ffixu)
    __aeabi_ui2f                             0x080051fd   Thumb Code     0  fflt_clz.o(x$fpl$ffltu)
    _ffltu                                   0x080051fd   Thumb Code    38  fflt_clz.o(x$fpl$ffltu)
    __aeabi_fmul                             0x08005225   Thumb Code     0  fmul.o(x$fpl$fmul)
    _fmul                                    0x08005225   Thumb Code   258  fmul.o(x$fpl$fmul)
    __fpl_fnaninf                            0x08005327   Thumb Code   140  fnaninf.o(x$fpl$fnaninf)
    __fpl_fretinf                            0x080053b3   Thumb Code    10  fretinf.o(x$fpl$fretinf)
    __I$use$fp                               0x080053bc   Number         0  usenofp.o(x$fpl$usenofp)
    str_poweron                              0x080053bc   Data          11  main.o(.constdata)
    str_start                                0x080053c7   Data           9  main.o(.constdata)
    str_light0                               0x080053d0   Data           9  main.o(.constdata)
    str_dark                                 0x080053d9   Data           9  main.o(.constdata)
    str_bright                               0x080053e2   Data           9  main.o(.constdata)
    str_num                                  0x080053eb   Data          17  main.o(.constdata)
    str_current                              0x080053fc   Data          11  main.o(.constdata)
    str_mA                                   0x08005407   Data           3  main.o(.constdata)
    str_short                                0x0800540a   Data           7  main.o(.constdata)
    str_3V                                   0x08005411   Data          11  main.o(.constdata)
    str_1V                                   0x0800541c   Data          11  main.o(.constdata)
    str_light                                0x08005427   Data          11  main.o(.constdata)
    str_dcv                                  0x08005432   Data          11  main.o(.constdata)
    str_out                                  0x0800543d   Data          11  main.o(.constdata)
    str_readlighterr                         0x08005448   Data          19  main.o(.constdata)
    str_readtxerr                            0x0800545b   Data          15  main.o(.constdata)
    str_th                                   0x0800546a   Data          11  main.o(.constdata)
    Region$$Table$$Base                      0x08005478   Number         0  anon$$obj.o(Region$$Table)
    Region$$Table$$Limit                     0x08005498   Number         0  anon$$obj.o(Region$$Table)
    BMP1                                     0x20000000   Data        1024  main.o(.data)
    BMP2                                     0x20000400   Data        1024  main.o(.data)
    beep_st                                  0x20000800   Data           1  main.o(.data)
    auchCRCHi                                0x20000801   Data         256  main.o(.data)
    auchCRCLo                                0x20000901   Data         256  main.o(.data)
    rec_data_num                             0x20000a01   Data           1  main.o(.data)
    USART1_recnum                            0x20000a02   Data           1  main.o(.data)
    SystemCoreClock                          0x20000a04   Data           4  system_stm32f10x.o(.data)
    AHBPrescTable                            0x20000a08   Data          16  system_stm32f10x.o(.data)
    USART1_recdata                           0x20000a2c   Data          16  main.o(.bss)
    USART2_senddata                          0x20000a3c   Data          30  main.o(.bss)
    USART2_recdata                           0x20000a5a   Data          30  main.o(.bss)
    pcb_check_info                           0x20000a78   Data         384  main.o(.bss)
    __libspace_start                         0x20000bf8   Data          96  libspace.o(.bss)
    __temporary_stack_top$libspace           0x20000c58   Data           0  libspace.o(.bss)



==============================================================================

Memory Map of the image

  Image Entry point : 0x08000121

  Load Region LR_IROM1 (Base: 0x08000000, Size: 0x00005ec4, Max: 0x00010000, ABSOLUTE, COMPRESSED[0x000057b8])

    Execution Region ER_IROM1 (Base: 0x08000000, Size: 0x00005498, Max: 0x00010000, ABSOLUTE)

    Base Addr    Size         Type   Attr      Idx    E Section Name        Object

    0x08000000   0x00000120   Data   RO          444    RESET               startup_stm32f10x_md_vl.o
    0x08000120   0x00000008   Code   RO          455  * !!!main             c_w.l(__main.o)
    0x08000128   0x00000034   Code   RO          658    !!!scatter          c_w.l(__scatter.o)
    0x0800015c   0x00000064   Code   RO          656    !!dclz77c           c_w.l(__dclz77c.o)
    0x080001c0   0x0000001c   Code   RO          660    !!handler_zi        c_w.l(__scatter_zi.o)
    0x080001dc   0x00000002   Code   RO          529    .ARM.Collect$$libinit$$00000000  c_w.l(libinit.o)
    0x080001de   0x00000000   Code   RO          536    .ARM.Collect$$libinit$$00000002  c_w.l(libinit2.o)
    0x080001de   0x00000000   Code   RO          539    .ARM.Collect$$libinit$$00000008  c_w.l(libinit2.o)
    0x080001de   0x00000000   Code   RO          541    .ARM.Collect$$libinit$$0000000A  c_w.l(libinit2.o)
    0x080001de   0x00000000   Code   RO          543    .ARM.Collect$$libinit$$0000000C  c_w.l(libinit2.o)
    0x080001de   0x00000000   Code   RO          546    .ARM.Collect$$libinit$$0000000F  c_w.l(libinit2.o)
    0x080001de   0x00000000   Code   RO          548    .ARM.Collect$$libinit$$00000011  c_w.l(libinit2.o)
    0x080001de   0x00000000   Code   RO          550    .ARM.Collect$$libinit$$00000013  c_w.l(libinit2.o)
    0x080001de   0x00000000   Code   RO          552    .ARM.Collect$$libinit$$00000015  c_w.l(libinit2.o)
    0x080001de   0x00000000   Code   RO          554    .ARM.Collect$$libinit$$00000017  c_w.l(libinit2.o)
    0x080001de   0x00000000   Code   RO          556    .ARM.Collect$$libinit$$00000019  c_w.l(libinit2.o)
    0x080001de   0x00000000   Code   RO          558    .ARM.Collect$$libinit$$0000001B  c_w.l(libinit2.o)
    0x080001de   0x00000000   Code   RO          560    .ARM.Collect$$libinit$$0000001D  c_w.l(libinit2.o)
    0x080001de   0x00000000   Code   RO          562    .ARM.Collect$$libinit$$0000001F  c_w.l(libinit2.o)
    0x080001de   0x00000000   Code   RO          564    .ARM.Collect$$libinit$$00000021  c_w.l(libinit2.o)
    0x080001de   0x00000000   Code   RO          566    .ARM.Collect$$libinit$$00000023  c_w.l(libinit2.o)
    0x080001de   0x00000000   Code   RO          570    .ARM.Collect$$libinit$$0000002A  c_w.l(libinit2.o)
    0x080001de   0x00000000   Code   RO          572    .ARM.Collect$$libinit$$0000002C  c_w.l(libinit2.o)
    0x080001de   0x00000000   Code   RO          574    .ARM.Collect$$libinit$$0000002E  c_w.l(libinit2.o)
    0x080001de   0x00000000   Code   RO          576    .ARM.Collect$$libinit$$00000030  c_w.l(libinit2.o)
    0x080001de   0x00000002   Code   RO          577    .ARM.Collect$$libinit$$00000031  c_w.l(libinit2.o)
    0x080001e0   0x00000002   Code   RO          597    .ARM.Collect$$libshutdown$$00000000  c_w.l(libshutdown.o)
    0x080001e2   0x00000000   Code   RO          611    .ARM.Collect$$libshutdown$$00000003  c_w.l(libshutdown2.o)
    0x080001e2   0x00000000   Code   RO          614    .ARM.Collect$$libshutdown$$00000006  c_w.l(libshutdown2.o)
    0x080001e2   0x00000000   Code   RO          617    .ARM.Collect$$libshutdown$$00000009  c_w.l(libshutdown2.o)
    0x080001e2   0x00000000   Code   RO          619    .ARM.Collect$$libshutdown$$0000000B  c_w.l(libshutdown2.o)
    0x080001e2   0x00000000   Code   RO          622    .ARM.Collect$$libshutdown$$0000000E  c_w.l(libshutdown2.o)
    0x080001e2   0x00000002   Code   RO          623    .ARM.Collect$$libshutdown$$0000000F  c_w.l(libshutdown2.o)
    0x080001e4   0x00000000   Code   RO          495    .ARM.Collect$$rtentry$$00000000  c_w.l(rtentry.o)
    0x080001e4   0x00000000   Code   RO          506    .ARM.Collect$$rtentry$$00000002  c_w.l(rtentry2.o)
    0x080001e4   0x00000006   Code   RO          518    .ARM.Collect$$rtentry$$00000004  c_w.l(rtentry4.o)
    0x080001ea   0x00000000   Code   RO          508    .ARM.Collect$$rtentry$$00000009  c_w.l(rtentry2.o)
    0x080001ea   0x00000004   Code   RO          509    .ARM.Collect$$rtentry$$0000000A  c_w.l(rtentry2.o)
    0x080001ee   0x00000000   Code   RO          511    .ARM.Collect$$rtentry$$0000000C  c_w.l(rtentry2.o)
    0x080001ee   0x00000008   Code   RO          512    .ARM.Collect$$rtentry$$0000000D  c_w.l(rtentry2.o)
    0x080001f6   0x00000002   Code   RO          533    .ARM.Collect$$rtexit$$00000000  c_w.l(rtexit.o)
    0x080001f8   0x00000000   Code   RO          579    .ARM.Collect$$rtexit$$00000002  c_w.l(rtexit2.o)
    0x080001f8   0x00000004   Code   RO          580    .ARM.Collect$$rtexit$$00000003  c_w.l(rtexit2.o)
    0x080001fc   0x00000006   Code   RO          581    .ARM.Collect$$rtexit$$00000004  c_w.l(rtexit2.o)
    0x08000202   0x00000002   PAD
    0x08000204   0x000000d0   Code   RO            1    .text               delay.o
    0x080002d4   0x000013d4   Code   RO          150    .text               main.o
    0x080016a8   0x0000039c   Code   RO          177    .text               system.o
    0x08001a44   0x000002f0   Code   RO          189    .text               timer.o
    0x08001d34   0x00000108   Code   RO          201    .text               adc.o
    0x08001e3c   0x000000c0   Code   RO          213    .text               exit.o
    0x08001efc   0x000001b4   Code   RO          236    .text               system_stm32f10x.o
    0x080020b0   0x000000dc   Code   RO          266    .text               misc.o
    0x0800218c   0x000000c4   Code   RO          278    .text               stm32f10x_bkp.o
    0x08002250   0x0000011c   Code   RO          305    .text               stm32f10x_exti.o
    0x0800236c   0x000005bc   Code   RO          317    .text               stm32f10x_flash.o
    0x08002928   0x00000358   Code   RO          329    .text               stm32f10x_gpio.o
    0x08002c80   0x00000040   Code   RO          353    .text               stm32f10x_iwdg.o
    0x08002cc0   0x000003c4   Code   RO          365    .text               stm32f10x_rcc.o
    0x08003084   0x00000e1a   Code   RO          394    .text               stm32f10x_tim.o
    0x08003e9e   0x00000002   PAD
    0x08003ea0   0x00000408   Code   RO          406    .text               stm32f10x_usart.o
    0x080042a8   0x000000cc   Code   RO          418    .text               stm32f10x_pwr.o
    0x08004374   0x0000044e   Code   RO          430    .text               stm32f10x_adc.o
    0x080047c2   0x00000002   PAD
    0x080047c4   0x00000040   Code   RO          445    .text               startup_stm32f10x_md_vl.o
    0x08004804   0x0000003e   Code   RO          451    .text               c_w.l(strlen.o)
    0x08004842   0x00000006   Code   RO          453    .text               c_w.l(heapauxi.o)
    0x08004848   0x0000004a   Code   RO          520    .text               c_w.l(sys_stackheap_outer.o)
    0x08004892   0x0000000c   Code   RO          522    .text               c_w.l(exit.o)
    0x0800489e   0x00000002   PAD
    0x080048a0   0x00000008   Code   RO          530    .text               c_w.l(libspace.o)
    0x080048a8   0x0000000c   Code   RO          589    .text               c_w.l(sys_exit.o)
    0x080048b4   0x00000002   Code   RO          600    .text               c_w.l(use_no_semi.o)
    0x080048b6   0x00000000   Code   RO          602    .text               c_w.l(indicate_semi.o)
    0x080048b6   0x00000002   PAD
    0x080048b8   0x00000062   Code   RO          457    x$fpl$d2f           fz_ws.l(d2f.o)
    0x0800491a   0x00000002   PAD
    0x0800491c   0x00000150   Code   RO          459    x$fpl$dadd          fz_ws.l(daddsub_clz.o)
    0x08004a6c   0x000002b0   Code   RO          466    x$fpl$ddiv          fz_ws.l(ddiv.o)
    0x08004d1c   0x00000026   Code   RO          469    x$fpl$dfltu         fz_ws.l(dflt_clz.o)
    0x08004d42   0x00000002   PAD
    0x08004d44   0x00000154   Code   RO          475    x$fpl$dmul          fz_ws.l(dmul.o)
    0x08004e98   0x0000009c   Code   RO          496    x$fpl$dnaninf       fz_ws.l(dnaninf.o)
    0x08004f34   0x0000000c   Code   RO          498    x$fpl$dretinf       fz_ws.l(dretinf.o)
    0x08004f40   0x00000016   Code   RO          460    x$fpl$drsb          fz_ws.l(daddsub_clz.o)
    0x08004f56   0x00000002   PAD
    0x08004f58   0x000001d4   Code   RO          461    x$fpl$dsub          fz_ws.l(daddsub_clz.o)
    0x0800512c   0x00000056   Code   RO          477    x$fpl$f2d           fz_ws.l(f2d.o)
    0x08005182   0x00000002   PAD
    0x08005184   0x00000036   Code   RO          479    x$fpl$ffix          fz_ws.l(ffix.o)
    0x080051ba   0x00000002   PAD
    0x080051bc   0x0000003e   Code   RO          483    x$fpl$ffixu         fz_ws.l(ffixu.o)
    0x080051fa   0x00000002   PAD
    0x080051fc   0x00000026   Code   RO          487    x$fpl$ffltu         fz_ws.l(fflt_clz.o)
    0x08005222   0x00000002   PAD
    0x08005224   0x00000102   Code   RO          493    x$fpl$fmul          fz_ws.l(fmul.o)
    0x08005326   0x0000008c   Code   RO          500    x$fpl$fnaninf       fz_ws.l(fnaninf.o)
    0x080053b2   0x0000000a   Code   RO          502    x$fpl$fretinf       fz_ws.l(fretinf.o)
    0x080053bc   0x00000000   Code   RO          504    x$fpl$usenofp       fz_ws.l(usenofp.o)
    0x080053bc   0x000000b9   Data   RO          152    .constdata          main.o
    0x08005475   0x00000003   PAD
    0x08005478   0x00000020   Data   RO          654    Region$$Table       anon$$obj.o


    Execution Region RW_IRAM1 (Base: 0x20000000, Size: 0x00001258, Max: 0x00005000, ABSOLUTE, COMPRESSED[0x00000320])

    Base Addr    Size         Type   Attr      Idx    E Section Name        Object

    0x20000000   0x00000a03   Data   RW          153    .data               main.o
    0x20000a03   0x00000001   PAD
    0x20000a04   0x00000014   Data   RW          237    .data               system_stm32f10x.o
    0x20000a18   0x00000014   Data   RW          366    .data               stm32f10x_rcc.o
    0x20000a2c   0x000001cc   Zero   RW          151    .bss                main.o
    0x20000bf8   0x00000060   Zero   RW          531    .bss                c_w.l(libspace.o)
    0x20000c58   0x00000200   Zero   RW          443    HEAP                startup_stm32f10x_md_vl.o
    0x20000e58   0x00000400   Zero   RW          442    STACK               startup_stm32f10x_md_vl.o


==============================================================================

Image component sizes


      Code (inc. data)   RO Data    RW Data    ZI Data      Debug   Object Name

       264          4          0          0          0       1091   adc.o
         0          0          0          0          0         32   core_cm3.o
       208          8          0          0          0     273393   delay.o
       192          8          0          0          0        718   exit.o
      5076        262        185       2563        460      10143   main.o
       220         20          0          0          0       1773   misc.o
        64         26        288          0       1536        844   startup_stm32f10x_md_vl.o
      1102         26          0          0          0      10805   stm32f10x_adc.o
       196          8          0          0          0       3436   stm32f10x_bkp.o
       284         10          0          0          0       2207   stm32f10x_exti.o
      1468         34          0          0          0       8002   stm32f10x_flash.o
       856         40          0          0          0       5613   stm32f10x_gpio.o
        64          6          0          0          0       1245   stm32f10x_iwdg.o
       204         16          0          0          0       1891   stm32f10x_pwr.o
       964         50          0         20          0       9090   stm32f10x_rcc.o
      3610         88          0          0          0      22104   stm32f10x_tim.o
      1032         22          0          0          0       8344   stm32f10x_usart.o
       924         32          0          0          0       1936   system.o
       436         32          0         20          0       1863   system_stm32f10x.o
       752         26          0          0          0       2228   timer.o

    ----------------------------------------------------------------------
     17920        718        508       2604       1996     366758   Object Totals
         0          0         32          0          0          0   (incl. Generated)
         4          0          3          1          0          0   (incl. Padding)

    ----------------------------------------------------------------------

      Code (inc. data)   RO Data    RW Data    ZI Data      Debug   Library Member Name

       100          0          0          0          0          0   __dclz77c.o
         8          0          0          0          0         68   __main.o
        52          8          0          0          0          0   __scatter.o
        28          0          0          0          0          0   __scatter_zi.o
        12          0          0          0          0         72   exit.o
         6          0          0          0          0        152   heapauxi.o
         0          0          0          0          0          0   indicate_semi.o
         2          0          0          0          0          0   libinit.o
         2          0          0          0          0          0   libinit2.o
         2          0          0          0          0          0   libshutdown.o
         2          0          0          0          0          0   libshutdown2.o
         8          4          0          0         96         68   libspace.o
         0          0          0          0          0          0   rtentry.o
        12          0          0          0          0          0   rtentry2.o
         6          0          0          0          0          0   rtentry4.o
         2          0          0          0          0          0   rtexit.o
        10          0          0          0          0          0   rtexit2.o
        62          0          0          0          0         76   strlen.o
        12          4          0          0          0         68   sys_exit.o
        74          0          0          0          0         80   sys_stackheap_outer.o
         2          0          0          0          0         68   use_no_semi.o
        98          4          0          0          0         92   d2f.o
       826         16          0          0          0        356   daddsub_clz.o
       688        140          0          0          0        212   ddiv.o
        38          0          0          0          0         68   dflt_clz.o
       340         12          0          0          0        104   dmul.o
       156          4          0          0          0         92   dnaninf.o
        12          0          0          0          0         68   dretinf.o
        86          4          0          0          0         84   f2d.o
        54          4          0          0          0         84   ffix.o
        62          4          0          0          0         84   ffixu.o
        38          0          0          0          0         68   fflt_clz.o
       258          4          0          0          0         84   fmul.o
       140          4          0          0          0         84   fnaninf.o
        10          0          0          0          0         68   fretinf.o
         0          0          0          0          0          0   usenofp.o

    ----------------------------------------------------------------------
      3228        212          0          0         96       2200   Library Totals
        20          0          0          0          0          0   (incl. Padding)

    ----------------------------------------------------------------------

      Code (inc. data)   RO Data    RW Data    ZI Data      Debug   Library Name

       402         16          0          0         96        652   c_w.l
      2806        196          0          0          0       1548   fz_ws.l

    ----------------------------------------------------------------------
      3228        212          0          0         96       2200   Library Totals

    ----------------------------------------------------------------------

==============================================================================


      Code (inc. data)   RO Data    RW Data    ZI Data      Debug   

     21148        930        508       2604       2092     365630   Grand Totals
     21148        930        508        800       2092     365630   ELF Image Totals (compressed)
     21148        930        508        800          0          0   ROM Totals

==============================================================================

    Total RO  Size (Code + RO Data)                21656 (  21.15kB)
    Total RW  Size (RW Data + ZI Data)              4696 (   4.59kB)
    Total ROM Size (Code + RO Data + RW Data)      22456 (  21.93kB)

==============================================================================

